2020-10-05 14:02:08,096 INFO o.a.j.u.JMeterUtils: Setting Locale to en_US
2020-10-05 14:02:08,156 INFO o.a.j.JMeter: Loading user properties from: /root/.bzt/jmeter-taurus/5.2.1/bin/user.properties
2020-10-05 14:02:08,158 INFO o.a.j.JMeter: Loading system properties from: /root/.bzt/jmeter-taurus/5.2.1/bin/system.properties
2020-10-05 14:02:08,167 INFO o.a.j.JMeter: Loading additional properties from: /tmp/artifacts/jmeter-bzt-3.properties
2020-10-05 14:02:08,177 INFO o.a.j.JMeter: Setting System properties from file: /tmp/artifacts/system-3.properties
2020-10-05 14:02:08,194 INFO o.a.j.JMeter: Copyright (c) 1998-2019 The Apache Software Foundation
2020-10-05 14:02:08,196 INFO o.a.j.JMeter: Version 5.2.1
2020-10-05 14:02:08,197 INFO o.a.j.JMeter: java.version=1.8.0_265
2020-10-05 14:02:08,198 INFO o.a.j.JMeter: java.vm.name=OpenJDK 64-Bit Server VM
2020-10-05 14:02:08,199 INFO o.a.j.JMeter: os.name=Linux
2020-10-05 14:02:08,201 INFO o.a.j.JMeter: os.arch=amd64
2020-10-05 14:02:08,202 INFO o.a.j.JMeter: os.version=4.19.76-linuxkit
2020-10-05 14:02:08,204 INFO o.a.j.JMeter: file.encoding=UTF-8
2020-10-05 14:02:08,205 INFO o.a.j.JMeter: java.awt.headless=true
2020-10-05 14:02:08,206 INFO o.a.j.JMeter: Max memory     =464519168
2020-10-05 14:02:08,207 INFO o.a.j.JMeter: Available Processors =2
2020-10-05 14:02:08,217 INFO o.a.j.JMeter: Default Locale=English (United States)
2020-10-05 14:02:08,218 INFO o.a.j.JMeter: JMeter  Locale=English (United States)
2020-10-05 14:02:08,219 INFO o.a.j.JMeter: JMeterHome=/root/.bzt/jmeter-taurus/5.2.1
2020-10-05 14:02:08,221 INFO o.a.j.JMeter: user.dir  =/bzt-configs
2020-10-05 14:02:08,223 INFO o.a.j.JMeter: PWD       =/bzt-configs
2020-10-05 14:02:08,225 INFO o.a.j.JMeter: IP: 172.17.0.2 Name: 09f4e6851254 FullName: 09f4e6851254
2020-10-05 14:02:08,226 INFO o.a.j.JMeter: user.classpath=/tmp/artifacts:/tmp/artifacts
2020-10-05 14:02:08,229 INFO o.a.j.JMeter: Adding to classpath and loader: /tmp/artifacts
2020-10-05 14:02:08,244 INFO o.a.j.JMeter: Adding to classpath and loader: /tmp/artifacts
2020-10-05 14:02:08,278 INFO o.a.j.s.FileServer: Default base='/bzt-configs'
2020-10-05 14:02:08,299 INFO o.a.j.s.FileServer: Set new base='/tmp/artifacts'
2020-10-05 14:02:08,787 INFO o.a.j.s.SaveService: Testplan (JMX) version: 2.2. Testlog (JTL) version: 2.2
2020-10-05 14:02:08,817 INFO o.a.j.s.SaveService: Using SaveService properties file encoding UTF-8
2020-10-05 14:02:08,836 INFO o.a.j.s.SaveService: Using SaveService properties version 5.0
2020-10-05 14:02:08,862 INFO o.a.j.s.SaveService: Loading file: /tmp/artifacts/modified_requests-3.jmx
2020-10-05 14:02:09,012 INFO o.a.j.p.h.c.CacheManager: Will only cache the following methods: [GET]
2020-10-05 14:02:09,018 INFO o.a.j.p.h.c.CookieManager: Settings: Delete null: true Check: true Allow variable: true Save: false Prefix: COOKIE_
2020-10-05 14:02:09,071 INFO o.a.j.p.h.s.HTTPSamplerBase: Parser for text/html is org.apache.jmeter.protocol.http.parser.LagartoBasedHtmlParser
2020-10-05 14:02:09,073 INFO o.a.j.p.h.s.HTTPSamplerBase: Parser for application/xhtml+xml is org.apache.jmeter.protocol.http.parser.LagartoBasedHtmlParser
2020-10-05 14:02:09,074 INFO o.a.j.p.h.s.HTTPSamplerBase: Parser for application/xml is org.apache.jmeter.protocol.http.parser.LagartoBasedHtmlParser
2020-10-05 14:02:09,075 INFO o.a.j.p.h.s.HTTPSamplerBase: Parser for text/xml is org.apache.jmeter.protocol.http.parser.LagartoBasedHtmlParser
2020-10-05 14:02:09,075 INFO o.a.j.p.h.s.HTTPSamplerBase: Parser for text/vnd.wap.wml is org.apache.jmeter.protocol.http.parser.RegexpHTMLParser
2020-10-05 14:02:09,076 INFO o.a.j.p.h.s.HTTPSamplerBase: Parser for text/css is org.apache.jmeter.protocol.http.parser.CssParser
2020-10-05 14:02:09,241 INFO o.a.j.e.StandardJMeterEngine: Running the test!
2020-10-05 14:02:09,252 INFO o.a.j.s.SampleEvent: List of sample_variables: []
2020-10-05 14:02:09,253 INFO o.a.j.s.SampleEvent: List of sample_variables: []
2020-10-05 14:02:09,287 INFO o.a.j.e.u.CompoundVariable: Note: Function class names must contain the string: '.functions.'
2020-10-05 14:02:09,288 INFO o.a.j.e.u.CompoundVariable: Note: Function class names must not contain the string: '.gui.'
2020-10-05 14:02:10,603 INFO o.a.j.JMeter: Running test (1601906530603)
2020-10-05 14:02:10,706 INFO o.a.j.e.StandardJMeterEngine: Starting ThreadGroup: 1 : simple
2020-10-05 14:02:10,707 INFO o.a.j.e.StandardJMeterEngine: Starting 10 threads for group simple.
2020-10-05 14:02:10,708 INFO o.a.j.e.StandardJMeterEngine: Thread will continue on error
2020-10-05 14:02:10,720 INFO o.a.j.e.StandardJMeterEngine: All thread groups have been started
2020-10-05 14:02:10,721 INFO c.b.j.t.c.ConcurrencyThreadStarter: Start supplying threads
2020-10-05 14:02:13,751 INFO o.a.j.s.SampleResult: Note: Sample TimeStamps are START times
2020-10-05 14:02:13,767 INFO o.a.j.t.JMeterThread: Thread started: simple-ThreadStarter 1-1
2020-10-05 14:02:13,770 INFO o.a.j.s.SampleResult: sampleresult.default.encoding is set to UTF-8
2020-10-05 14:02:13,772 INFO o.a.j.s.SampleResult: sampleresult.useNanoTime=true
2020-10-05 14:02:13,773 INFO o.a.j.s.SampleResult: sampleresult.nanoThreadSleep=5000
2020-10-05 14:02:14,614 INFO o.a.j.p.h.s.HTTPHCAbstractImpl: Local host = 09f4e6851254
2020-10-05 14:02:14,640 INFO o.a.j.p.h.s.HTTPHC4Impl: HTTP request retry count = 0
2020-10-05 14:02:14,916 INFO o.a.j.p.h.s.h.LazyLayeredConnectionSocketFactory: Setting up HTTPS TrustAll Socket Factory
2020-10-05 14:02:14,939 INFO o.a.j.u.JsseSSLManager: Using default SSL protocol: TLS
2020-10-05 14:02:14,940 INFO o.a.j.u.JsseSSLManager: SSL session context: per-thread
2020-10-05 14:02:15,138 INFO o.a.j.u.SSLManager: JmeterKeyStore Location:  type JKS
2020-10-05 14:02:15,153 INFO o.a.j.u.SSLManager: KeyStore created OK
2020-10-05 14:02:15,154 WARN o.a.j.u.SSLManager: Keystore file not found, loading empty keystore
2020-10-05 14:02:16,091 INFO o.a.j.p.h.p.BaseParser: Created org.apache.jmeter.protocol.http.parser.LagartoBasedHtmlParser
2020-10-05 14:02:16,413 INFO o.a.j.p.h.s.ResourcesDownloader: Creating ResourcesDownloader with keepalive_inseconds : 60
2020-10-05 14:02:16,817 INFO o.a.j.p.h.p.BaseParser: Created org.apache.jmeter.protocol.http.parser.CssParser
2020-10-05 14:02:19,811 INFO o.a.j.t.JMeterThread: Thread started: simple-ThreadStarter 1-2
2020-10-05 14:02:25,823 INFO o.a.j.t.JMeterThread: Thread started: simple-ThreadStarter 1-3
2020-10-05 14:02:31,839 INFO o.a.j.t.JMeterThread: Thread started: simple-ThreadStarter 1-4
2020-10-05 14:02:37,817 INFO o.a.j.t.JMeterThread: Thread started: simple-ThreadStarter 1-5
2020-10-05 14:02:43,837 INFO o.a.j.t.JMeterThread: Thread started: simple-ThreadStarter 1-6
2020-10-05 14:02:49,854 INFO o.a.j.t.JMeterThread: Thread started: simple-ThreadStarter 1-7
2020-10-05 14:02:55,884 INFO o.a.j.t.JMeterThread: Thread started: simple-ThreadStarter 1-8
2020-10-05 14:03:01,901 INFO o.a.j.t.JMeterThread: Thread started: simple-ThreadStarter 1-9
2020-10-05 14:03:07,895 INFO o.a.j.t.JMeterThread: Thread started: simple-ThreadStarter 1-10
2020-10-05 14:05:17,685 WARN c.h.c.r.e.LoggingCSSParseErrorHandler: Browser compliant mode skipped CSS from [18:2476] starting at token '}' until [18:2511] to token '}' (based on com.helger.css.parser.ParseException: Encountered unexpected token: ".2" <NUMBER>
    at line 18, column 2477.

Was expecting one of:

    "*"
    "-->"
    "."
    ":"
    ":not("
    ";"
    "<!--"
    "@bottom-center"
    "@bottom-left"
    "@bottom-left-corner"
    "@bottom-right"
    "@bottom-right-corner"
    "@charset"
    "@import"
    "@left-bottom"
    "@left-middle"
    "@left-top"
    "@media"
    "@namespace"
    "@page"
    "@right-bottom"
    "@right-middle"
    "@right-top"
    "@supports"
    "@top-center"
    "@top-left"
    "@top-left-corner"
    "@top-right"
    "@top-right-corner"
    "["
    "|"
    "}"
    <AT_UNKNOWN>
    <EOF>
    <FONTFACE_SYM>
    <HASH>
    <IDENT>
    <KEYFRAMES_SYM>
    <PERCENTAGE>
    <S>
    <UNKNOWN>
    <VIEWPORT_SYM>
)
2020-10-05 14:05:17,769 WARN c.h.c.r.e.LoggingCSSParseErrorHandler: Browser compliant mode skipped CSS from [24:109] starting at token '

    
    ' until [27:107] to token '}' (based on com.helger.css.parser.ParseException: Encountered unexpected token: "." "."
    at line 27, column 5.

Was expecting one of:

    ";"
    "@bottom-center"
    "@bottom-left"
    "@bottom-left-corner"
    "@bottom-right"
    "@bottom-right-corner"
    "@charset"
    "@import"
    "@left-bottom"
    "@left-middle"
    "@left-top"
    "@media"
    "@namespace"
    "@page"
    "@right-bottom"
    "@right-middle"
    "@right-top"
    "@supports"
    "@top-center"
    "@top-left"
    "@top-left-corner"
    "@top-right"
    "@top-right-corner"
    "}"
    <AT_UNKNOWN>
    <FONTFACE_SYM>
    <IDENT>
    <KEYFRAMES_SYM>
    <S>
    <VIEWPORT_SYM>
)
2020-10-05 14:05:18,715 WARN c.h.c.r.e.LoggingCSSParseErrorHandler: Browser compliant mode skipped CSS from [109:143839] starting at token ' ' until [109:144397] to token '}' (based on com.helger.css.parser.ParseException: Encountered unexpected token: "only" "only"
    at line 109, column 143840.

Was expecting one of:

    "("
    <S>
)
2020-10-05 14:05:18,717 WARN c.h.c.r.e.LoggingCSSParseErrorHandler: Browser compliant mode skipped CSS from [109:144427] starting at token ' ' until [109:144599] to token '}' (based on com.helger.css.parser.ParseException: Encountered unexpected token: "only" "only"
    at line 109, column 144428.

Was expecting one of:

    "("
    <S>
)
2020-10-05 14:05:18,719 WARN c.h.c.r.e.LoggingCSSParseErrorHandler: Browser compliant mode skipped CSS from [109:144629] starting at token ' ' until [109:145325] to token '}' (based on com.helger.css.parser.ParseException: Encountered unexpected token: "only" "only"
    at line 109, column 144630.

Was expecting one of:

    "("
    <S>
)
2020-10-05 14:05:18,721 WARN c.h.c.r.e.LoggingCSSParseErrorHandler: Browser compliant mode skipped CSS from [109:145355] starting at token ' ' until [109:145527] to token '}' (based on com.helger.css.parser.ParseException: Encountered unexpected token: "only" "only"
    at line 109, column 145356.

Was expecting one of:

    "("
    <S>
)
2020-10-05 14:05:18,723 WARN c.h.c.r.e.LoggingCSSParseErrorHandler: Browser compliant mode skipped CSS from [109:145557] starting at token ' ' until [109:146253] to token '}' (based on com.helger.css.parser.ParseException: Encountered unexpected token: "only" "only"
    at line 109, column 145558.

Was expecting one of:

    "("
    <S>
)
2020-10-05 14:05:18,724 WARN c.h.c.r.e.LoggingCSSParseErrorHandler: Browser compliant mode skipped CSS from [109:146283] starting at token ' ' until [109:146456] to token '}' (based on com.helger.css.parser.ParseException: Encountered unexpected token: "only" "only"
    at line 109, column 146284.

Was expecting one of:

    "("
    <S>
)
2020-10-05 14:05:18,727 WARN c.h.c.r.e.LoggingCSSParseErrorHandler: Browser compliant mode skipped CSS from [109:146486] starting at token ' ' until [109:147188] to token '}' (based on com.helger.css.parser.ParseException: Encountered unexpected token: "only" "only"
    at line 109, column 146487.

Was expecting one of:

    "("
    <S>
)
2020-10-05 14:05:18,744 WARN c.h.c.r.e.LoggingCSSParseErrorHandler: Browser compliant mode skipped CSS from [109:155687] starting at token ' ' until [109:156245] to token '}' (based on com.helger.css.parser.ParseException: Encountered unexpected token: "only" "only"
    at line 109, column 155688.

Was expecting one of:

    "("
    <S>
)
2020-10-05 14:05:18,745 WARN c.h.c.r.e.LoggingCSSParseErrorHandler: Browser compliant mode skipped CSS from [109:156275] starting at token ' ' until [109:156447] to token '}' (based on com.helger.css.parser.ParseException: Encountered unexpected token: "only" "only"
    at line 109, column 156276.

Was expecting one of:

    "("
    <S>
)
2020-10-05 14:05:18,748 WARN c.h.c.r.e.LoggingCSSParseErrorHandler: Browser compliant mode skipped CSS from [109:156477] starting at token ' ' until [109:157173] to token '}' (based on com.helger.css.parser.ParseException: Encountered unexpected token: "only" "only"
    at line 109, column 156478.

Was expecting one of:

    "("
    <S>
)
2020-10-05 14:05:18,749 WARN c.h.c.r.e.LoggingCSSParseErrorHandler: Browser compliant mode skipped CSS from [109:157203] starting at token ' ' until [109:157375] to token '}' (based on com.helger.css.parser.ParseException: Encountered unexpected token: "only" "only"
    at line 109, column 157204.

Was expecting one of:

    "("
    <S>
)
2020-10-05 14:05:18,752 WARN c.h.c.r.e.LoggingCSSParseErrorHandler: Browser compliant mode skipped CSS from [109:157405] starting at token ' ' until [109:158101] to token '}' (based on com.helger.css.parser.ParseException: Encountered unexpected token: "only" "only"
    at line 109, column 157406.

Was expecting one of:

    "("
    <S>
)
2020-10-05 14:05:18,754 WARN c.h.c.r.e.LoggingCSSParseErrorHandler: Browser compliant mode skipped CSS from [109:158131] starting at token ' ' until [109:158304] to token '}' (based on com.helger.css.parser.ParseException: Encountered unexpected token: "only" "only"
    at line 109, column 158132.

Was expecting one of:

    "("
    <S>
)
2020-10-05 14:05:18,757 WARN c.h.c.r.e.LoggingCSSParseErrorHandler: Browser compliant mode skipped CSS from [109:158334] starting at token ' ' until [109:159036] to token '}' (based on com.helger.css.parser.ParseException: Encountered unexpected token: "only" "only"
    at line 109, column 158335.

Was expecting one of:

    "("
    <S>
)
2020-10-05 14:05:18,775 WARN c.h.c.r.e.LoggingCSSParseErrorHandler: Browser compliant mode skipped CSS from [109:166363] starting at token ' ' until [109:166923] to token '}' (based on com.helger.css.parser.ParseException: Encountered unexpected token: "only" "only"
    at line 109, column 166364.

Was expecting one of:

    "("
    <S>
)
2020-10-05 14:05:18,777 WARN c.h.c.r.e.LoggingCSSParseErrorHandler: Browser compliant mode skipped CSS from [109:166953] starting at token ' ' until [109:167127] to token '}' (based on com.helger.css.parser.ParseException: Encountered unexpected token: "only" "only"
    at line 109, column 166954.

Was expecting one of:

    "("
    <S>
)
2020-10-05 14:05:18,779 WARN c.h.c.r.e.LoggingCSSParseErrorHandler: Browser compliant mode skipped CSS from [109:167157] starting at token ' ' until [109:167855] to token '}' (based on com.helger.css.parser.ParseException: Encountered unexpected token: "only" "only"
    at line 109, column 167158.

Was expecting one of:

    "("
    <S>
)
2020-10-05 14:05:18,781 WARN c.h.c.r.e.LoggingCSSParseErrorHandler: Browser compliant mode skipped CSS from [109:167885] starting at token ' ' until [109:168059] to token '}' (based on com.helger.css.parser.ParseException: Encountered unexpected token: "only" "only"
    at line 109, column 167886.

Was expecting one of:

    "("
    <S>
)
2020-10-05 14:05:18,784 WARN c.h.c.r.e.LoggingCSSParseErrorHandler: Browser compliant mode skipped CSS from [109:168089] starting at token ' ' until [109:168787] to token '}' (based on com.helger.css.parser.ParseException: Encountered unexpected token: "only" "only"
    at line 109, column 168090.

Was expecting one of:

    "("
    <S>
)
2020-10-05 14:05:18,785 WARN c.h.c.r.e.LoggingCSSParseErrorHandler: Browser compliant mode skipped CSS from [109:168817] starting at token ' ' until [109:168992] to token '}' (based on com.helger.css.parser.ParseException: Encountered unexpected token: "only" "only"
    at line 109, column 168818.

Was expecting one of:

    "("
    <S>
)
2020-10-05 14:05:18,789 WARN c.h.c.r.e.LoggingCSSParseErrorHandler: Browser compliant mode skipped CSS from [109:169022] starting at token ' ' until [109:169726] to token '}' (based on com.helger.css.parser.ParseException: Encountered unexpected token: "only" "only"
    at line 109, column 169023.

Was expecting one of:

    "("
    <S>
)
2020-10-05 14:05:19,501 WARN c.h.c.r.e.LoggingCSSParseErrorHandler: Found illegal character: # (0x0023)
2020-10-05 14:05:19,502 WARN c.h.c.r.e.LoggingCSSParseErrorHandler: Browser compliant mode skipped CSS from [109:301375] starting at token ':' until [109:301384] to token ';' (based on com.helger.css.parser.ParseException: Encountered unexpected token: "#" <UNKNOWN>
    at line 109, column 301376.

Was expecting one of:

    "+"
    "-"
    "["
    "and"
    "expression("
    "from"
    "inherit"
    "not"
    "only"
    "or"
    "to"
    <ANGLE_DEG>
    <ANGLE_GRAD>
    <ANGLE_RAD>
    <ANGLE_TURN>
    <CH>
    <DPCM>
    <DPI>
    <DPPX>
    <EM>
    <EX>
    <FR>
    <FREQ_HZ>
    <FREQ_KHZ>
    <FUNCTION>
    <FUNCTION_CALC>
    <HASH>
    <IDENT>
    <LENGTH_CM>
    <LENGTH_IN>
    <LENGTH_MM>
    <LENGTH_PC>
    <LENGTH_PT>
    <LENGTH_Q>
    <NUMBER>
    <PERCENTAGE>
    <PX>
    <REM>
    <S>
    <STRING1>
    <STRING2>
    <TIME_MS>
    <TIME_S>
    <URANGE>
    <URL>
    <VH>
    <VMAX>
    <VMIN>
    <VW>
)
2020-10-05 14:05:20,000 WARN c.h.c.r.e.LoggingCSSParseErrorHandler: Browser compliant mode skipped CSS from [112:36824] starting at token ' ' until [112:47266] to token '}' (based on com.helger.css.parser.ParseException: Encountered unexpected token: "only" "only"
    at line 112, column 36825.

Was expecting one of:

    "("
    <S>
)
2020-10-05 14:05:20,002 WARN c.h.c.r.e.LoggingCSSParseErrorHandler: Browser compliant mode skipped CSS from [112:47807] starting at token ' ' until [112:47996] to token '}' (based on com.helger.css.parser.ParseException: Encountered unexpected token: "only" "only"
    at line 112, column 47808.

Was expecting one of:

    "("
    <S>
)
2020-10-05 14:05:20,019 WARN c.h.c.r.e.LoggingCSSParseErrorHandler: Browser compliant mode skipped CSS from [112:48046] starting at token ' ' until [112:55599] to token '}' (based on com.helger.css.parser.ParseException: Encountered unexpected token: "only" "only"
    at line 112, column 48047.

Was expecting one of:

    "("
    <S>
)
2020-10-05 14:05:41,319 INFO c.b.j.t.c.ConcurrencyThreadStarter: Done supplying threads
2020-10-05 14:05:58,248 INFO o.a.j.t.JMeterThread: Thread is done: simple-ThreadStarter 1-10
2020-10-05 14:05:58,253 INFO o.a.j.t.JMeterThread: Thread finished: simple-ThreadStarter 1-10
2020-10-05 14:07:07,270 INFO o.a.j.t.JMeterThread: Thread is done: simple-ThreadStarter 1-7
2020-10-05 14:07:07,273 INFO o.a.j.t.JMeterThread: Thread finished: simple-ThreadStarter 1-7
2020-10-05 14:07:07,942 INFO o.a.j.t.JMeterThread: Thread is done: simple-ThreadStarter 1-1
2020-10-05 14:07:07,942 INFO o.a.j.t.JMeterThread: Thread finished: simple-ThreadStarter 1-1
2020-10-05 14:07:24,325 INFO o.a.j.t.JMeterThread: Thread is done: simple-ThreadStarter 1-4
2020-10-05 14:07:24,328 INFO o.a.j.t.JMeterThread: Thread finished: simple-ThreadStarter 1-4
2020-10-05 14:07:50,518 INFO o.a.j.t.JMeterThread: Thread is done: simple-ThreadStarter 1-2
2020-10-05 14:07:50,525 INFO o.a.j.t.JMeterThread: Thread finished: simple-ThreadStarter 1-2
2020-10-05 14:08:14,152 INFO o.a.j.t.JMeterThread: Thread is done: simple-ThreadStarter 1-9
2020-10-05 14:08:14,153 INFO o.a.j.t.JMeterThread: Thread finished: simple-ThreadStarter 1-9
2020-10-05 14:08:54,896 INFO o.a.j.JMeter: Command: Shutdown received from /127.0.0.1
2020-10-05 14:08:54,915 WARN o.a.j.t.JMeterThread: Interrupting: simple-ThreadStarter 1-3 sampler: https://www.sf-test1.com/de-de
2020-10-05 14:08:54,919 WARN o.a.j.t.JMeterThread: No operation pending
2020-10-05 14:08:54,924 WARN o.a.j.t.JMeterThread: Interrupting: simple-ThreadStarter 1-8 sampler: https://www.sf-test1.com/de-de
2020-10-05 14:08:54,925 WARN o.a.j.t.JMeterThread: No operation pending
2020-10-05 14:08:54,928 WARN o.a.j.t.JMeterThread: Interrupting: simple-ThreadStarter 1-5 sampler: https://www.sf-test1.com/de-de
2020-10-05 14:08:54,935 WARN o.a.j.t.JMeterThread: No operation pending
2020-10-05 14:08:54,926 WARN o.a.j.p.h.s.HTTPSamplerBase: Interrupted fetching embedded resources
java.lang.InterruptedException: null
	at java.util.concurrent.locks.AbstractQueuedSynchronizer$ConditionObject.reportInterruptAfterWait(AbstractQueuedSynchronizer.java:2014) ~[?:1.8.0_265]
	at java.util.concurrent.locks.AbstractQueuedSynchronizer$ConditionObject.await(AbstractQueuedSynchronizer.java:2048) ~[?:1.8.0_265]
	at java.util.concurrent.LinkedBlockingQueue.take(LinkedBlockingQueue.java:442) ~[?:1.8.0_265]
	at java.util.concurrent.ExecutorCompletionService.take(ExecutorCompletionService.java:193) ~[?:1.8.0_265]
	at org.apache.jmeter.protocol.http.sampler.ResourcesDownloader.invokeAllAndAwaitTermination(ResourcesDownloader.java:187) ~[ApacheJMeter_http.jar:5.2.1]
	at org.apache.jmeter.protocol.http.sampler.HTTPSamplerBase.downloadPageResources(HTTPSamplerBase.java:1436) [ApacheJMeter_http.jar:5.2.1]
	at org.apache.jmeter.protocol.http.sampler.HTTPSamplerBase.resultProcessing(HTTPSamplerBase.java:1749) [ApacheJMeter_http.jar:5.2.1]
	at org.apache.jmeter.protocol.http.sampler.HTTPAbstractImpl.resultProcessing(HTTPAbstractImpl.java:556) [ApacheJMeter_http.jar:5.2.1]
	at org.apache.jmeter.protocol.http.sampler.HTTPHC4Impl.sample(HTTPHC4Impl.java:648) [ApacheJMeter_http.jar:5.2.1]
	at org.apache.jmeter.protocol.http.sampler.HTTPSamplerProxy.sample(HTTPSamplerProxy.java:67) [ApacheJMeter_http.jar:5.2.1]
	at org.apache.jmeter.protocol.http.sampler.HTTPSamplerBase.sample(HTTPSamplerBase.java:1282) [ApacheJMeter_http.jar:5.2.1]
	at org.apache.jmeter.protocol.http.sampler.HTTPSamplerBase.sample(HTTPSamplerBase.java:1271) [ApacheJMeter_http.jar:5.2.1]
	at org.apache.jmeter.threads.JMeterThread.doSampling(JMeterThread.java:627) [ApacheJMeter_core.jar:5.2.1]
	at org.apache.jmeter.threads.JMeterThread.executeSamplePackage(JMeterThread.java:551) [ApacheJMeter_core.jar:5.2.1]
	at org.apache.jmeter.threads.JMeterThread.processSampler(JMeterThread.java:490) [ApacheJMeter_core.jar:5.2.1]
	at org.apache.jmeter.threads.JMeterThread.run(JMeterThread.java:257) [ApacheJMeter_core.jar:5.2.1]
	at java.lang.Thread.run(Thread.java:748) [?:1.8.0_265]
2020-10-05 14:08:54,954 WARN o.a.j.t.JMeterThread: Interrupting: simple-ThreadStarter 1-6 sampler: https://www.sf-test1.com/de-de
2020-10-05 14:08:54,953 WARN o.a.j.p.h.s.HTTPSamplerBase: Interrupted fetching embedded resources
java.lang.InterruptedException: null
	at java.util.concurrent.locks.AbstractQueuedSynchronizer$ConditionObject.reportInterruptAfterWait(AbstractQueuedSynchronizer.java:2014) ~[?:1.8.0_265]
	at java.util.concurrent.locks.AbstractQueuedSynchronizer$ConditionObject.await(AbstractQueuedSynchronizer.java:2048) ~[?:1.8.0_265]
	at java.util.concurrent.LinkedBlockingQueue.take(LinkedBlockingQueue.java:442) ~[?:1.8.0_265]
	at java.util.concurrent.ExecutorCompletionService.take(ExecutorCompletionService.java:193) ~[?:1.8.0_265]
	at org.apache.jmeter.protocol.http.sampler.ResourcesDownloader.invokeAllAndAwaitTermination(ResourcesDownloader.java:187) ~[ApacheJMeter_http.jar:5.2.1]
	at org.apache.jmeter.protocol.http.sampler.HTTPSamplerBase.downloadPageResources(HTTPSamplerBase.java:1436) [ApacheJMeter_http.jar:5.2.1]
	at org.apache.jmeter.protocol.http.sampler.HTTPSamplerBase.resultProcessing(HTTPSamplerBase.java:1749) [ApacheJMeter_http.jar:5.2.1]
	at org.apache.jmeter.protocol.http.sampler.HTTPAbstractImpl.resultProcessing(HTTPAbstractImpl.java:556) [ApacheJMeter_http.jar:5.2.1]
	at org.apache.jmeter.protocol.http.sampler.HTTPHC4Impl.sample(HTTPHC4Impl.java:648) [ApacheJMeter_http.jar:5.2.1]
	at org.apache.jmeter.protocol.http.sampler.HTTPSamplerProxy.sample(HTTPSamplerProxy.java:67) [ApacheJMeter_http.jar:5.2.1]
	at org.apache.jmeter.protocol.http.sampler.HTTPSamplerBase.sample(HTTPSamplerBase.java:1282) [ApacheJMeter_http.jar:5.2.1]
	at org.apache.jmeter.protocol.http.sampler.HTTPSamplerBase.sample(HTTPSamplerBase.java:1271) [ApacheJMeter_http.jar:5.2.1]
	at org.apache.jmeter.threads.JMeterThread.doSampling(JMeterThread.java:627) [ApacheJMeter_core.jar:5.2.1]
	at org.apache.jmeter.threads.JMeterThread.executeSamplePackage(JMeterThread.java:551) [ApacheJMeter_core.jar:5.2.1]
	at org.apache.jmeter.threads.JMeterThread.processSampler(JMeterThread.java:490) [ApacheJMeter_core.jar:5.2.1]
	at org.apache.jmeter.threads.JMeterThread.run(JMeterThread.java:257) [ApacheJMeter_core.jar:5.2.1]
	at java.lang.Thread.run(Thread.java:748) [?:1.8.0_265]
2020-10-05 14:08:54,927 WARN o.a.j.p.h.s.HTTPSamplerBase: Interrupted fetching embedded resources
java.lang.InterruptedException: null
	at java.util.concurrent.locks.AbstractQueuedSynchronizer$ConditionObject.reportInterruptAfterWait(AbstractQueuedSynchronizer.java:2014) ~[?:1.8.0_265]
	at java.util.concurrent.locks.AbstractQueuedSynchronizer$ConditionObject.await(AbstractQueuedSynchronizer.java:2048) ~[?:1.8.0_265]
	at java.util.concurrent.LinkedBlockingQueue.take(LinkedBlockingQueue.java:442) ~[?:1.8.0_265]
	at java.util.concurrent.ExecutorCompletionService.take(ExecutorCompletionService.java:193) ~[?:1.8.0_265]
	at org.apache.jmeter.protocol.http.sampler.ResourcesDownloader.invokeAllAndAwaitTermination(ResourcesDownloader.java:187) ~[ApacheJMeter_http.jar:5.2.1]
	at org.apache.jmeter.protocol.http.sampler.HTTPSamplerBase.downloadPageResources(HTTPSamplerBase.java:1436) [ApacheJMeter_http.jar:5.2.1]
	at org.apache.jmeter.protocol.http.sampler.HTTPSamplerBase.resultProcessing(HTTPSamplerBase.java:1749) [ApacheJMeter_http.jar:5.2.1]
	at org.apache.jmeter.protocol.http.sampler.HTTPAbstractImpl.resultProcessing(HTTPAbstractImpl.java:556) [ApacheJMeter_http.jar:5.2.1]
	at org.apache.jmeter.protocol.http.sampler.HTTPHC4Impl.sample(HTTPHC4Impl.java:648) [ApacheJMeter_http.jar:5.2.1]
	at org.apache.jmeter.protocol.http.sampler.HTTPSamplerProxy.sample(HTTPSamplerProxy.java:67) [ApacheJMeter_http.jar:5.2.1]
	at org.apache.jmeter.protocol.http.sampler.HTTPSamplerBase.sample(HTTPSamplerBase.java:1282) [ApacheJMeter_http.jar:5.2.1]
	at org.apache.jmeter.protocol.http.sampler.HTTPSamplerBase.sample(HTTPSamplerBase.java:1271) [ApacheJMeter_http.jar:5.2.1]
	at org.apache.jmeter.threads.JMeterThread.doSampling(JMeterThread.java:627) [ApacheJMeter_core.jar:5.2.1]
	at org.apache.jmeter.threads.JMeterThread.executeSamplePackage(JMeterThread.java:551) [ApacheJMeter_core.jar:5.2.1]
	at org.apache.jmeter.threads.JMeterThread.processSampler(JMeterThread.java:490) [ApacheJMeter_core.jar:5.2.1]
	at org.apache.jmeter.threads.JMeterThread.run(JMeterThread.java:257) [ApacheJMeter_core.jar:5.2.1]
	at java.lang.Thread.run(Thread.java:748) [?:1.8.0_265]
2020-10-05 14:08:54,926 WARN o.a.j.p.h.s.HTTPSamplerBase: Interrupted fetching embedded resources
java.lang.InterruptedException: null
	at java.util.concurrent.locks.AbstractQueuedSynchronizer$ConditionObject.reportInterruptAfterWait(AbstractQueuedSynchronizer.java:2014) ~[?:1.8.0_265]
	at java.util.concurrent.locks.AbstractQueuedSynchronizer$ConditionObject.await(AbstractQueuedSynchronizer.java:2048) ~[?:1.8.0_265]
	at java.util.concurrent.LinkedBlockingQueue.take(LinkedBlockingQueue.java:442) ~[?:1.8.0_265]
	at java.util.concurrent.ExecutorCompletionService.take(ExecutorCompletionService.java:193) ~[?:1.8.0_265]
	at org.apache.jmeter.protocol.http.sampler.ResourcesDownloader.invokeAllAndAwaitTermination(ResourcesDownloader.java:187) ~[ApacheJMeter_http.jar:5.2.1]
	at org.apache.jmeter.protocol.http.sampler.HTTPSamplerBase.downloadPageResources(HTTPSamplerBase.java:1436) [ApacheJMeter_http.jar:5.2.1]
	at org.apache.jmeter.protocol.http.sampler.HTTPSamplerBase.resultProcessing(HTTPSamplerBase.java:1749) [ApacheJMeter_http.jar:5.2.1]
	at org.apache.jmeter.protocol.http.sampler.HTTPAbstractImpl.resultProcessing(HTTPAbstractImpl.java:556) [ApacheJMeter_http.jar:5.2.1]
	at org.apache.jmeter.protocol.http.sampler.HTTPHC4Impl.sample(HTTPHC4Impl.java:648) [ApacheJMeter_http.jar:5.2.1]
	at org.apache.jmeter.protocol.http.sampler.HTTPSamplerProxy.sample(HTTPSamplerProxy.java:67) [ApacheJMeter_http.jar:5.2.1]
	at org.apache.jmeter.protocol.http.sampler.HTTPSamplerBase$ASyncSample.call(HTTPSamplerBase.java:2126) [ApacheJMeter_http.jar:5.2.1]
	at org.apache.jmeter.protocol.http.sampler.HTTPSamplerBase$ASyncSample.call(HTTPSamplerBase.java:2094) [ApacheJMeter_http.jar:5.2.1]
	at java.util.concurrent.FutureTask.run(FutureTask.java:266) [?:1.8.0_265]
	at java.util.concurrent.Executors$RunnableAdapter.call(Executors.java:511) [?:1.8.0_265]
	at java.util.concurrent.FutureTask.run(FutureTask.java:266) [?:1.8.0_265]
	at java.util.concurrent.ThreadPoolExecutor.runWorker(ThreadPoolExecutor.java:1149) [?:1.8.0_265]
	at java.util.concurrent.ThreadPoolExecutor$Worker.run(ThreadPoolExecutor.java:624) [?:1.8.0_265]
	at java.lang.Thread.run(Thread.java:748) [?:1.8.0_265]
2020-10-05 14:08:54,961 INFO o.a.j.t.JMeterThread: Thread is done: simple-ThreadStarter 1-5
2020-10-05 14:08:54,962 INFO o.a.j.t.JMeterThread: Thread finished: simple-ThreadStarter 1-5
2020-10-05 14:08:54,961 WARN o.a.j.t.JMeterThread: No operation pending
2020-10-05 14:08:54,962 INFO o.a.j.t.JMeterThread: Thread is done: simple-ThreadStarter 1-8
2020-10-05 14:08:54,972 INFO o.a.j.t.JMeterThread: Thread finished: simple-ThreadStarter 1-8
2020-10-05 14:08:54,978 WARN o.a.j.p.h.s.HTTPSamplerBase: Interrupted fetching embedded resources
java.lang.InterruptedException: null
	at java.util.concurrent.locks.AbstractQueuedSynchronizer$ConditionObject.reportInterruptAfterWait(AbstractQueuedSynchronizer.java:2014) ~[?:1.8.0_265]
	at java.util.concurrent.locks.AbstractQueuedSynchronizer$ConditionObject.await(AbstractQueuedSynchronizer.java:2048) ~[?:1.8.0_265]
	at java.util.concurrent.LinkedBlockingQueue.take(LinkedBlockingQueue.java:442) ~[?:1.8.0_265]
	at java.util.concurrent.ExecutorCompletionService.take(ExecutorCompletionService.java:193) ~[?:1.8.0_265]
	at org.apache.jmeter.protocol.http.sampler.ResourcesDownloader.invokeAllAndAwaitTermination(ResourcesDownloader.java:187) ~[ApacheJMeter_http.jar:5.2.1]
	at org.apache.jmeter.protocol.http.sampler.HTTPSamplerBase.downloadPageResources(HTTPSamplerBase.java:1436) [ApacheJMeter_http.jar:5.2.1]
	at org.apache.jmeter.protocol.http.sampler.HTTPSamplerBase.resultProcessing(HTTPSamplerBase.java:1749) [ApacheJMeter_http.jar:5.2.1]
	at org.apache.jmeter.protocol.http.sampler.HTTPAbstractImpl.resultProcessing(HTTPAbstractImpl.java:556) [ApacheJMeter_http.jar:5.2.1]
	at org.apache.jmeter.protocol.http.sampler.HTTPHC4Impl.sample(HTTPHC4Impl.java:648) [ApacheJMeter_http.jar:5.2.1]
	at org.apache.jmeter.protocol.http.sampler.HTTPSamplerProxy.sample(HTTPSamplerProxy.java:67) [ApacheJMeter_http.jar:5.2.1]
	at org.apache.jmeter.protocol.http.sampler.HTTPSamplerBase.sample(HTTPSamplerBase.java:1282) [ApacheJMeter_http.jar:5.2.1]
	at org.apache.jmeter.protocol.http.sampler.HTTPSamplerBase.sample(HTTPSamplerBase.java:1271) [ApacheJMeter_http.jar:5.2.1]
	at org.apache.jmeter.threads.JMeterThread.doSampling(JMeterThread.java:627) [ApacheJMeter_core.jar:5.2.1]
	at org.apache.jmeter.threads.JMeterThread.executeSamplePackage(JMeterThread.java:551) [ApacheJMeter_core.jar:5.2.1]
	at org.apache.jmeter.threads.JMeterThread.processSampler(JMeterThread.java:490) [ApacheJMeter_core.jar:5.2.1]
	at org.apache.jmeter.threads.JMeterThread.run(JMeterThread.java:257) [ApacheJMeter_core.jar:5.2.1]
	at java.lang.Thread.run(Thread.java:748) [?:1.8.0_265]
2020-10-05 14:08:54,976 INFO o.a.j.t.JMeterThread: Thread is done: simple-ThreadStarter 1-3
2020-10-05 14:08:54,985 INFO o.a.j.t.JMeterThread: Thread is done: simple-ThreadStarter 1-6
2020-10-05 14:08:54,986 INFO o.a.j.t.JMeterThread: Thread finished: simple-ThreadStarter 1-6
2020-10-05 14:08:54,989 INFO o.a.j.t.JMeterThread: Thread finished: simple-ThreadStarter 1-3
2020-10-05 14:08:55,004 INFO o.a.j.e.StandardJMeterEngine: Notifying test listeners of end of test
2020-10-05 14:08:55,017 INFO o.a.j.e.StandardJMeterEngine: Forced JVM shutdown requested at end of test
