2020-10-05 12:49:45,685 INFO o.a.j.u.JMeterUtils: Setting Locale to en_US
2020-10-05 12:49:45,737 INFO o.a.j.JMeter: Loading user properties from: /root/.bzt/jmeter-taurus/5.2.1/bin/user.properties
2020-10-05 12:49:45,741 INFO o.a.j.JMeter: Loading system properties from: /root/.bzt/jmeter-taurus/5.2.1/bin/system.properties
2020-10-05 12:49:45,742 INFO o.a.j.JMeter: Loading additional properties from: /tmp/artifacts/jmeter-bzt.properties
2020-10-05 12:49:45,749 INFO o.a.j.JMeter: Setting System properties from file: /tmp/artifacts/system.properties
2020-10-05 12:49:45,762 INFO o.a.j.JMeter: Copyright (c) 1998-2019 The Apache Software Foundation
2020-10-05 12:49:45,763 INFO o.a.j.JMeter: Version 5.2.1
2020-10-05 12:49:45,763 INFO o.a.j.JMeter: java.version=1.8.0_265
2020-10-05 12:49:45,764 INFO o.a.j.JMeter: java.vm.name=OpenJDK 64-Bit Server VM
2020-10-05 12:49:45,764 INFO o.a.j.JMeter: os.name=Linux
2020-10-05 12:49:45,765 INFO o.a.j.JMeter: os.arch=amd64
2020-10-05 12:49:45,766 INFO o.a.j.JMeter: os.version=4.19.76-linuxkit
2020-10-05 12:49:45,766 INFO o.a.j.JMeter: file.encoding=UTF-8
2020-10-05 12:49:45,767 INFO o.a.j.JMeter: java.awt.headless=true
2020-10-05 12:49:45,768 INFO o.a.j.JMeter: Max memory     =464519168
2020-10-05 12:49:45,769 INFO o.a.j.JMeter: Available Processors =2
2020-10-05 12:49:45,778 INFO o.a.j.JMeter: Default Locale=English (United States)
2020-10-05 12:49:45,780 INFO o.a.j.JMeter: JMeter  Locale=English (United States)
2020-10-05 12:49:45,781 INFO o.a.j.JMeter: JMeterHome=/root/.bzt/jmeter-taurus/5.2.1
2020-10-05 12:49:45,782 INFO o.a.j.JMeter: user.dir  =/bzt-configs
2020-10-05 12:49:45,784 INFO o.a.j.JMeter: PWD       =/bzt-configs
2020-10-05 12:49:45,785 INFO o.a.j.JMeter: IP: 172.17.0.2 Name: 68d69a826e85 FullName: 68d69a826e85
2020-10-05 12:49:45,786 INFO o.a.j.JMeter: user.classpath=/tmp/artifacts:/tmp/artifacts
2020-10-05 12:49:45,789 INFO o.a.j.JMeter: Adding to classpath and loader: /tmp/artifacts
2020-10-05 12:49:45,797 INFO o.a.j.JMeter: Adding to classpath and loader: /tmp/artifacts
2020-10-05 12:49:45,824 INFO o.a.j.s.FileServer: Default base='/bzt-configs'
2020-10-05 12:49:45,892 INFO o.a.j.s.FileServer: Set new base='/tmp/artifacts'
2020-10-05 12:49:46,603 INFO o.a.j.s.SaveService: Testplan (JMX) version: 2.2. Testlog (JTL) version: 2.2
2020-10-05 12:49:46,634 INFO o.a.j.s.SaveService: Using SaveService properties file encoding UTF-8
2020-10-05 12:49:46,651 INFO o.a.j.s.SaveService: Using SaveService properties version 5.0
2020-10-05 12:49:46,679 INFO o.a.j.s.SaveService: Loading file: /tmp/artifacts/modified_requests.jmx
2020-10-05 12:49:46,843 INFO o.a.j.p.h.c.CacheManager: Will only cache the following methods: [GET]
2020-10-05 12:49:46,849 INFO o.a.j.p.h.c.CookieManager: Settings: Delete null: true Check: true Allow variable: true Save: false Prefix: COOKIE_
2020-10-05 12:49:46,927 INFO o.a.j.p.h.s.HTTPSamplerBase: Parser for text/html is org.apache.jmeter.protocol.http.parser.LagartoBasedHtmlParser
2020-10-05 12:49:46,928 INFO o.a.j.p.h.s.HTTPSamplerBase: Parser for application/xhtml+xml is org.apache.jmeter.protocol.http.parser.LagartoBasedHtmlParser
2020-10-05 12:49:46,929 INFO o.a.j.p.h.s.HTTPSamplerBase: Parser for application/xml is org.apache.jmeter.protocol.http.parser.LagartoBasedHtmlParser
2020-10-05 12:49:46,930 INFO o.a.j.p.h.s.HTTPSamplerBase: Parser for text/xml is org.apache.jmeter.protocol.http.parser.LagartoBasedHtmlParser
2020-10-05 12:49:46,931 INFO o.a.j.p.h.s.HTTPSamplerBase: Parser for text/vnd.wap.wml is org.apache.jmeter.protocol.http.parser.RegexpHTMLParser
2020-10-05 12:49:46,931 INFO o.a.j.p.h.s.HTTPSamplerBase: Parser for text/css is org.apache.jmeter.protocol.http.parser.CssParser
2020-10-05 12:49:47,189 INFO o.a.j.e.StandardJMeterEngine: Running the test!
2020-10-05 12:49:47,195 INFO o.a.j.s.SampleEvent: List of sample_variables: []
2020-10-05 12:49:47,196 INFO o.a.j.s.SampleEvent: List of sample_variables: []
2020-10-05 12:49:47,222 INFO o.a.j.e.u.CompoundVariable: Note: Function class names must contain the string: '.functions.'
2020-10-05 12:49:47,223 INFO o.a.j.e.u.CompoundVariable: Note: Function class names must not contain the string: '.gui.'
2020-10-05 12:49:48,980 INFO o.a.j.JMeter: Running test (1601902188980)
2020-10-05 12:49:49,082 INFO o.a.j.e.StandardJMeterEngine: Starting ThreadGroup: 1 : smartfrog
2020-10-05 12:49:49,084 INFO o.a.j.e.StandardJMeterEngine: Starting 2 threads for group smartfrog.
2020-10-05 12:49:49,085 INFO o.a.j.e.StandardJMeterEngine: Thread will continue on error
2020-10-05 12:49:49,109 INFO o.a.j.e.StandardJMeterEngine: All thread groups have been started
2020-10-05 12:49:49,110 INFO c.b.j.t.c.ConcurrencyThreadStarter: Start supplying threads
2020-10-05 12:50:04,160 INFO o.a.j.s.SampleResult: Note: Sample TimeStamps are START times
2020-10-05 12:50:04,165 INFO o.a.j.s.SampleResult: sampleresult.default.encoding is set to UTF-8
2020-10-05 12:50:04,166 INFO o.a.j.s.SampleResult: sampleresult.useNanoTime=true
2020-10-05 12:50:04,167 INFO o.a.j.s.SampleResult: sampleresult.nanoThreadSleep=5000
2020-10-05 12:50:04,170 INFO o.a.j.t.JMeterThread: Thread started: smartfrog-ThreadStarter 1-1
2020-10-05 12:50:04,274 INFO o.a.j.p.h.s.HTTPHCAbstractImpl: Local host = 68d69a826e85
2020-10-05 12:50:04,300 INFO o.a.j.p.h.s.HTTPHC4Impl: HTTP request retry count = 0
2020-10-05 12:50:04,769 INFO o.a.j.p.h.s.h.LazyLayeredConnectionSocketFactory: Setting up HTTPS TrustAll Socket Factory
2020-10-05 12:50:04,799 INFO o.a.j.u.JsseSSLManager: Using default SSL protocol: TLS
2020-10-05 12:50:04,800 INFO o.a.j.u.JsseSSLManager: SSL session context: per-thread
2020-10-05 12:50:05,031 INFO o.a.j.u.SSLManager: JmeterKeyStore Location:  type JKS
2020-10-05 12:50:05,046 INFO o.a.j.u.SSLManager: KeyStore created OK
2020-10-05 12:50:05,058 WARN o.a.j.u.SSLManager: Keystore file not found, loading empty keystore
2020-10-05 12:50:34,201 INFO o.a.j.t.JMeterThread: Thread started: smartfrog-ThreadStarter 1-2
2020-10-05 12:53:49,175 INFO c.b.j.t.c.ConcurrencyThreadStarter: Done supplying threads
2020-10-05 12:53:49,193 INFO o.a.j.t.JMeterThread: Thread is done: smartfrog-ThreadStarter 1-2
2020-10-05 12:53:49,195 INFO o.a.j.t.JMeterThread: Thread finished: smartfrog-ThreadStarter 1-2
2020-10-05 12:53:49,222 INFO o.a.j.t.JMeterThread: Thread is done: smartfrog-ThreadStarter 1-1
2020-10-05 12:53:49,224 INFO o.a.j.t.JMeterThread: Thread finished: smartfrog-ThreadStarter 1-1
2020-10-05 12:53:49,227 INFO o.a.j.e.StandardJMeterEngine: Notifying test listeners of end of test
2020-10-05 12:53:49,240 INFO o.a.j.e.StandardJMeterEngine: Forced JVM shutdown requested at end of test
