2020-10-05 13:50:58,629 INFO o.a.j.u.JMeterUtils: Setting Locale to en_US
2020-10-05 13:50:58,679 INFO o.a.j.JMeter: Loading user properties from: /root/.bzt/jmeter-taurus/5.2.1/bin/user.properties
2020-10-05 13:50:58,680 INFO o.a.j.JMeter: Loading system properties from: /root/.bzt/jmeter-taurus/5.2.1/bin/system.properties
2020-10-05 13:50:58,682 INFO o.a.j.JMeter: Loading additional properties from: /tmp/artifacts/jmeter-bzt-1.properties
2020-10-05 13:50:58,693 INFO o.a.j.JMeter: Setting System properties from file: /tmp/artifacts/system-1.properties
2020-10-05 13:50:58,722 INFO o.a.j.JMeter: Copyright (c) 1998-2019 The Apache Software Foundation
2020-10-05 13:50:58,723 INFO o.a.j.JMeter: Version 5.2.1
2020-10-05 13:50:58,725 INFO o.a.j.JMeter: java.version=1.8.0_265
2020-10-05 13:50:58,726 INFO o.a.j.JMeter: java.vm.name=OpenJDK 64-Bit Server VM
2020-10-05 13:50:58,729 INFO o.a.j.JMeter: os.name=Linux
2020-10-05 13:50:58,730 INFO o.a.j.JMeter: os.arch=amd64
2020-10-05 13:50:58,731 INFO o.a.j.JMeter: os.version=4.19.76-linuxkit
2020-10-05 13:50:58,733 INFO o.a.j.JMeter: file.encoding=UTF-8
2020-10-05 13:50:58,734 INFO o.a.j.JMeter: java.awt.headless=true
2020-10-05 13:50:58,736 INFO o.a.j.JMeter: Max memory     =464519168
2020-10-05 13:50:58,737 INFO o.a.j.JMeter: Available Processors =2
2020-10-05 13:50:58,749 INFO o.a.j.JMeter: Default Locale=English (United States)
2020-10-05 13:50:58,750 INFO o.a.j.JMeter: JMeter  Locale=English (United States)
2020-10-05 13:50:58,751 INFO o.a.j.JMeter: JMeterHome=/root/.bzt/jmeter-taurus/5.2.1
2020-10-05 13:50:58,753 INFO o.a.j.JMeter: user.dir  =/bzt-configs
2020-10-05 13:50:58,755 INFO o.a.j.JMeter: PWD       =/bzt-configs
2020-10-05 13:50:58,756 INFO o.a.j.JMeter: IP: 172.17.0.2 Name: 969e2948878d FullName: 969e2948878d
2020-10-05 13:50:58,757 INFO o.a.j.JMeter: user.classpath=/tmp/artifacts:/tmp/artifacts
2020-10-05 13:50:58,760 INFO o.a.j.JMeter: Adding to classpath and loader: /tmp/artifacts
2020-10-05 13:50:58,772 INFO o.a.j.JMeter: Adding to classpath and loader: /tmp/artifacts
2020-10-05 13:50:58,800 INFO o.a.j.s.FileServer: Default base='/bzt-configs'
2020-10-05 13:50:58,820 INFO o.a.j.s.FileServer: Set new base='/tmp/artifacts'
2020-10-05 13:50:59,294 INFO o.a.j.s.SaveService: Testplan (JMX) version: 2.2. Testlog (JTL) version: 2.2
2020-10-05 13:50:59,323 INFO o.a.j.s.SaveService: Using SaveService properties file encoding UTF-8
2020-10-05 13:50:59,341 INFO o.a.j.s.SaveService: Using SaveService properties version 5.0
2020-10-05 13:50:59,366 INFO o.a.j.s.SaveService: Loading file: /tmp/artifacts/modified_requests-1.jmx
2020-10-05 13:50:59,512 INFO o.a.j.p.h.c.CacheManager: Will only cache the following methods: [GET]
2020-10-05 13:50:59,518 INFO o.a.j.p.h.c.CookieManager: Settings: Delete null: true Check: true Allow variable: true Save: false Prefix: COOKIE_
2020-10-05 13:50:59,569 INFO o.a.j.p.h.s.HTTPSamplerBase: Parser for text/html is org.apache.jmeter.protocol.http.parser.LagartoBasedHtmlParser
2020-10-05 13:50:59,571 INFO o.a.j.p.h.s.HTTPSamplerBase: Parser for application/xhtml+xml is org.apache.jmeter.protocol.http.parser.LagartoBasedHtmlParser
2020-10-05 13:50:59,572 INFO o.a.j.p.h.s.HTTPSamplerBase: Parser for application/xml is org.apache.jmeter.protocol.http.parser.LagartoBasedHtmlParser
2020-10-05 13:50:59,573 INFO o.a.j.p.h.s.HTTPSamplerBase: Parser for text/xml is org.apache.jmeter.protocol.http.parser.LagartoBasedHtmlParser
2020-10-05 13:50:59,574 INFO o.a.j.p.h.s.HTTPSamplerBase: Parser for text/vnd.wap.wml is org.apache.jmeter.protocol.http.parser.RegexpHTMLParser
2020-10-05 13:50:59,575 INFO o.a.j.p.h.s.HTTPSamplerBase: Parser for text/css is org.apache.jmeter.protocol.http.parser.CssParser
2020-10-05 13:50:59,713 INFO o.a.j.e.StandardJMeterEngine: Running the test!
2020-10-05 13:50:59,728 INFO o.a.j.s.SampleEvent: List of sample_variables: []
2020-10-05 13:50:59,730 INFO o.a.j.s.SampleEvent: List of sample_variables: []
2020-10-05 13:50:59,757 INFO o.a.j.e.u.CompoundVariable: Note: Function class names must contain the string: '.functions.'
2020-10-05 13:50:59,758 INFO o.a.j.e.u.CompoundVariable: Note: Function class names must not contain the string: '.gui.'
2020-10-05 13:51:01,131 INFO o.a.j.JMeter: Running test (1601905861131)
2020-10-05 13:51:01,287 INFO o.a.j.e.StandardJMeterEngine: Starting ThreadGroup: 1 : simple
2020-10-05 13:51:01,288 INFO o.a.j.e.StandardJMeterEngine: Starting 10 threads for group simple.
2020-10-05 13:51:01,290 INFO o.a.j.e.StandardJMeterEngine: Thread will continue on error
2020-10-05 13:51:01,304 INFO o.a.j.e.StandardJMeterEngine: All thread groups have been started
2020-10-05 13:51:01,305 INFO c.b.j.t.c.ConcurrencyThreadStarter: Start supplying threads
2020-10-05 13:51:04,352 INFO o.a.j.s.SampleResult: Note: Sample TimeStamps are START times
2020-10-05 13:51:04,353 INFO o.a.j.s.SampleResult: sampleresult.default.encoding is set to UTF-8
2020-10-05 13:51:04,359 INFO o.a.j.s.SampleResult: sampleresult.useNanoTime=true
2020-10-05 13:51:04,360 INFO o.a.j.s.SampleResult: sampleresult.nanoThreadSleep=5000
2020-10-05 13:51:04,376 INFO o.a.j.t.JMeterThread: Thread started: simple-ThreadStarter 1-1
2020-10-05 13:51:05,215 INFO o.a.j.p.h.s.HTTPHCAbstractImpl: Local host = 969e2948878d
2020-10-05 13:51:05,240 INFO o.a.j.p.h.s.HTTPHC4Impl: HTTP request retry count = 0
2020-10-05 13:51:05,579 INFO o.a.j.p.h.s.h.LazyLayeredConnectionSocketFactory: Setting up HTTPS TrustAll Socket Factory
2020-10-05 13:51:05,609 INFO o.a.j.u.JsseSSLManager: Using default SSL protocol: TLS
2020-10-05 13:51:05,610 INFO o.a.j.u.JsseSSLManager: SSL session context: per-thread
2020-10-05 13:51:05,789 INFO o.a.j.u.SSLManager: JmeterKeyStore Location:  type JKS
2020-10-05 13:51:05,797 INFO o.a.j.u.SSLManager: KeyStore created OK
2020-10-05 13:51:05,798 WARN o.a.j.u.SSLManager: Keystore file not found, loading empty keystore
2020-10-05 13:51:06,926 INFO o.a.j.p.h.p.BaseParser: Created org.apache.jmeter.protocol.http.parser.LagartoBasedHtmlParser
2020-10-05 13:51:07,317 INFO o.a.j.p.h.s.ResourcesDownloader: Creating ResourcesDownloader with keepalive_inseconds : 60
2020-10-05 13:51:08,161 INFO o.a.j.p.h.p.BaseParser: Created org.apache.jmeter.protocol.http.parser.CssParser
2020-10-05 13:51:10,379 INFO o.a.j.t.JMeterThread: Thread started: simple-ThreadStarter 1-2
2020-10-05 13:51:16,393 INFO o.a.j.t.JMeterThread: Thread started: simple-ThreadStarter 1-3
2020-10-05 13:51:22,402 INFO o.a.j.t.JMeterThread: Thread started: simple-ThreadStarter 1-4
2020-10-05 13:51:28,417 INFO o.a.j.t.JMeterThread: Thread started: simple-ThreadStarter 1-5
2020-10-05 13:51:34,396 INFO o.a.j.t.JMeterThread: Thread started: simple-ThreadStarter 1-6
2020-10-05 13:51:40,411 INFO o.a.j.t.JMeterThread: Thread started: simple-ThreadStarter 1-7
2020-10-05 13:51:46,418 INFO o.a.j.t.JMeterThread: Thread started: simple-ThreadStarter 1-8
2020-10-05 13:51:52,615 INFO o.a.j.t.JMeterThread: Thread started: simple-ThreadStarter 1-9
2020-10-05 13:51:58,637 INFO o.a.j.t.JMeterThread: Thread started: simple-ThreadStarter 1-10
2020-10-05 13:54:31,795 INFO c.b.j.t.c.ConcurrencyThreadStarter: Done supplying threads
2020-10-05 13:54:41,001 WARN c.h.c.r.e.LoggingCSSParseErrorHandler: Browser compliant mode skipped CSS from [18:2476] starting at token '}' until [18:2511] to token '}' (based on com.helger.css.parser.ParseException: Encountered unexpected token: ".2" <NUMBER>
    at line 18, column 2477.

Was expecting one of:

    "*"
    "-->"
    "."
    ":"
    ":not("
    ";"
    "<!--"
    "@bottom-center"
    "@bottom-left"
    "@bottom-left-corner"
    "@bottom-right"
    "@bottom-right-corner"
    "@charset"
    "@import"
    "@left-bottom"
    "@left-middle"
    "@left-top"
    "@media"
    "@namespace"
    "@page"
    "@right-bottom"
    "@right-middle"
    "@right-top"
    "@supports"
    "@top-center"
    "@top-left"
    "@top-left-corner"
    "@top-right"
    "@top-right-corner"
    "["
    "|"
    "}"
    <AT_UNKNOWN>
    <EOF>
    <FONTFACE_SYM>
    <HASH>
    <IDENT>
    <KEYFRAMES_SYM>
    <PERCENTAGE>
    <S>
    <UNKNOWN>
    <VIEWPORT_SYM>
)
2020-10-05 13:54:41,070 WARN c.h.c.r.e.LoggingCSSParseErrorHandler: Browser compliant mode skipped CSS from [24:109] starting at token '

    
    ' until [27:107] to token '}' (based on com.helger.css.parser.ParseException: Encountered unexpected token: "." "."
    at line 27, column 5.

Was expecting one of:

    ";"
    "@bottom-center"
    "@bottom-left"
    "@bottom-left-corner"
    "@bottom-right"
    "@bottom-right-corner"
    "@charset"
    "@import"
    "@left-bottom"
    "@left-middle"
    "@left-top"
    "@media"
    "@namespace"
    "@page"
    "@right-bottom"
    "@right-middle"
    "@right-top"
    "@supports"
    "@top-center"
    "@top-left"
    "@top-left-corner"
    "@top-right"
    "@top-right-corner"
    "}"
    <AT_UNKNOWN>
    <FONTFACE_SYM>
    <IDENT>
    <KEYFRAMES_SYM>
    <S>
    <VIEWPORT_SYM>
)
2020-10-05 13:54:42,245 WARN c.h.c.r.e.LoggingCSSParseErrorHandler: Browser compliant mode skipped CSS from [109:143839] starting at token ' ' until [109:144397] to token '}' (based on com.helger.css.parser.ParseException: Encountered unexpected token: "only" "only"
    at line 109, column 143840.

Was expecting one of:

    "("
    <S>
)
2020-10-05 13:54:42,249 WARN c.h.c.r.e.LoggingCSSParseErrorHandler: Browser compliant mode skipped CSS from [109:144427] starting at token ' ' until [109:144599] to token '}' (based on com.helger.css.parser.ParseException: Encountered unexpected token: "only" "only"
    at line 109, column 144428.

Was expecting one of:

    "("
    <S>
)
2020-10-05 13:54:42,252 WARN c.h.c.r.e.LoggingCSSParseErrorHandler: Browser compliant mode skipped CSS from [109:144629] starting at token ' ' until [109:145325] to token '}' (based on com.helger.css.parser.ParseException: Encountered unexpected token: "only" "only"
    at line 109, column 144630.

Was expecting one of:

    "("
    <S>
)
2020-10-05 13:54:42,254 WARN c.h.c.r.e.LoggingCSSParseErrorHandler: Browser compliant mode skipped CSS from [109:145355] starting at token ' ' until [109:145527] to token '}' (based on com.helger.css.parser.ParseException: Encountered unexpected token: "only" "only"
    at line 109, column 145356.

Was expecting one of:

    "("
    <S>
)
2020-10-05 13:54:42,256 WARN c.h.c.r.e.LoggingCSSParseErrorHandler: Browser compliant mode skipped CSS from [109:145557] starting at token ' ' until [109:146253] to token '}' (based on com.helger.css.parser.ParseException: Encountered unexpected token: "only" "only"
    at line 109, column 145558.

Was expecting one of:

    "("
    <S>
)
2020-10-05 13:54:42,257 WARN c.h.c.r.e.LoggingCSSParseErrorHandler: Browser compliant mode skipped CSS from [109:146283] starting at token ' ' until [109:146456] to token '}' (based on com.helger.css.parser.ParseException: Encountered unexpected token: "only" "only"
    at line 109, column 146284.

Was expecting one of:

    "("
    <S>
)
2020-10-05 13:54:42,261 WARN c.h.c.r.e.LoggingCSSParseErrorHandler: Browser compliant mode skipped CSS from [109:146486] starting at token ' ' until [109:147188] to token '}' (based on com.helger.css.parser.ParseException: Encountered unexpected token: "only" "only"
    at line 109, column 146487.

Was expecting one of:

    "("
    <S>
)
2020-10-05 13:54:42,279 WARN c.h.c.r.e.LoggingCSSParseErrorHandler: Browser compliant mode skipped CSS from [109:155687] starting at token ' ' until [109:156245] to token '}' (based on com.helger.css.parser.ParseException: Encountered unexpected token: "only" "only"
    at line 109, column 155688.

Was expecting one of:

    "("
    <S>
)
2020-10-05 13:54:42,280 WARN c.h.c.r.e.LoggingCSSParseErrorHandler: Browser compliant mode skipped CSS from [109:156275] starting at token ' ' until [109:156447] to token '}' (based on com.helger.css.parser.ParseException: Encountered unexpected token: "only" "only"
    at line 109, column 156276.

Was expecting one of:

    "("
    <S>
)
2020-10-05 13:54:42,283 WARN c.h.c.r.e.LoggingCSSParseErrorHandler: Browser compliant mode skipped CSS from [109:156477] starting at token ' ' until [109:157173] to token '}' (based on com.helger.css.parser.ParseException: Encountered unexpected token: "only" "only"
    at line 109, column 156478.

Was expecting one of:

    "("
    <S>
)
2020-10-05 13:54:42,284 WARN c.h.c.r.e.LoggingCSSParseErrorHandler: Browser compliant mode skipped CSS from [109:157203] starting at token ' ' until [109:157375] to token '}' (based on com.helger.css.parser.ParseException: Encountered unexpected token: "only" "only"
    at line 109, column 157204.

Was expecting one of:

    "("
    <S>
)
2020-10-05 13:54:42,287 WARN c.h.c.r.e.LoggingCSSParseErrorHandler: Browser compliant mode skipped CSS from [109:157405] starting at token ' ' until [109:158101] to token '}' (based on com.helger.css.parser.ParseException: Encountered unexpected token: "only" "only"
    at line 109, column 157406.

Was expecting one of:

    "("
    <S>
)
2020-10-05 13:54:42,288 WARN c.h.c.r.e.LoggingCSSParseErrorHandler: Browser compliant mode skipped CSS from [109:158131] starting at token ' ' until [109:158304] to token '}' (based on com.helger.css.parser.ParseException: Encountered unexpected token: "only" "only"
    at line 109, column 158132.

Was expecting one of:

    "("
    <S>
)
2020-10-05 13:54:42,291 WARN c.h.c.r.e.LoggingCSSParseErrorHandler: Browser compliant mode skipped CSS from [109:158334] starting at token ' ' until [109:159036] to token '}' (based on com.helger.css.parser.ParseException: Encountered unexpected token: "only" "only"
    at line 109, column 158335.

Was expecting one of:

    "("
    <S>
)
2020-10-05 13:54:42,306 WARN c.h.c.r.e.LoggingCSSParseErrorHandler: Browser compliant mode skipped CSS from [109:166363] starting at token ' ' until [109:166923] to token '}' (based on com.helger.css.parser.ParseException: Encountered unexpected token: "only" "only"
    at line 109, column 166364.

Was expecting one of:

    "("
    <S>
)
2020-10-05 13:54:42,308 WARN c.h.c.r.e.LoggingCSSParseErrorHandler: Browser compliant mode skipped CSS from [109:166953] starting at token ' ' until [109:167127] to token '}' (based on com.helger.css.parser.ParseException: Encountered unexpected token: "only" "only"
    at line 109, column 166954.

Was expecting one of:

    "("
    <S>
)
2020-10-05 13:54:42,310 WARN c.h.c.r.e.LoggingCSSParseErrorHandler: Browser compliant mode skipped CSS from [109:167157] starting at token ' ' until [109:167855] to token '}' (based on com.helger.css.parser.ParseException: Encountered unexpected token: "only" "only"
    at line 109, column 167158.

Was expecting one of:

    "("
    <S>
)
2020-10-05 13:54:42,311 WARN c.h.c.r.e.LoggingCSSParseErrorHandler: Browser compliant mode skipped CSS from [109:167885] starting at token ' ' until [109:168059] to token '}' (based on com.helger.css.parser.ParseException: Encountered unexpected token: "only" "only"
    at line 109, column 167886.

Was expecting one of:

    "("
    <S>
)
2020-10-05 13:54:42,314 WARN c.h.c.r.e.LoggingCSSParseErrorHandler: Browser compliant mode skipped CSS from [109:168089] starting at token ' ' until [109:168787] to token '}' (based on com.helger.css.parser.ParseException: Encountered unexpected token: "only" "only"
    at line 109, column 168090.

Was expecting one of:

    "("
    <S>
)
2020-10-05 13:54:42,315 WARN c.h.c.r.e.LoggingCSSParseErrorHandler: Browser compliant mode skipped CSS from [109:168817] starting at token ' ' until [109:168992] to token '}' (based on com.helger.css.parser.ParseException: Encountered unexpected token: "only" "only"
    at line 109, column 168818.

Was expecting one of:

    "("
    <S>
)
2020-10-05 13:54:42,317 WARN c.h.c.r.e.LoggingCSSParseErrorHandler: Browser compliant mode skipped CSS from [109:169022] starting at token ' ' until [109:169726] to token '}' (based on com.helger.css.parser.ParseException: Encountered unexpected token: "only" "only"
    at line 109, column 169023.

Was expecting one of:

    "("
    <S>
)
2020-10-05 13:54:42,548 WARN c.h.c.r.e.LoggingCSSParseErrorHandler: Found illegal character: # (0x0023)
2020-10-05 13:54:42,550 WARN c.h.c.r.e.LoggingCSSParseErrorHandler: Browser compliant mode skipped CSS from [109:301375] starting at token ':' until [109:301384] to token ';' (based on com.helger.css.parser.ParseException: Encountered unexpected token: "#" <UNKNOWN>
    at line 109, column 301376.

Was expecting one of:

    "+"
    "-"
    "["
    "and"
    "expression("
    "from"
    "inherit"
    "not"
    "only"
    "or"
    "to"
    <ANGLE_DEG>
    <ANGLE_GRAD>
    <ANGLE_RAD>
    <ANGLE_TURN>
    <CH>
    <DPCM>
    <DPI>
    <DPPX>
    <EM>
    <EX>
    <FR>
    <FREQ_HZ>
    <FREQ_KHZ>
    <FUNCTION>
    <FUNCTION_CALC>
    <HASH>
    <IDENT>
    <LENGTH_CM>
    <LENGTH_IN>
    <LENGTH_MM>
    <LENGTH_PC>
    <LENGTH_PT>
    <LENGTH_Q>
    <NUMBER>
    <PERCENTAGE>
    <PX>
    <REM>
    <S>
    <STRING1>
    <STRING2>
    <TIME_MS>
    <TIME_S>
    <URANGE>
    <URL>
    <VH>
    <VMAX>
    <VMIN>
    <VW>
)
2020-10-05 13:54:42,969 WARN c.h.c.r.e.LoggingCSSParseErrorHandler: Browser compliant mode skipped CSS from [112:36824] starting at token ' ' until [112:47266] to token '}' (based on com.helger.css.parser.ParseException: Encountered unexpected token: "only" "only"
    at line 112, column 36825.

Was expecting one of:

    "("
    <S>
)
2020-10-05 13:54:42,971 WARN c.h.c.r.e.LoggingCSSParseErrorHandler: Browser compliant mode skipped CSS from [112:47807] starting at token ' ' until [112:47996] to token '}' (based on com.helger.css.parser.ParseException: Encountered unexpected token: "only" "only"
    at line 112, column 47808.

Was expecting one of:

    "("
    <S>
)
2020-10-05 13:54:42,985 WARN c.h.c.r.e.LoggingCSSParseErrorHandler: Browser compliant mode skipped CSS from [112:48046] starting at token ' ' until [112:55599] to token '}' (based on com.helger.css.parser.ParseException: Encountered unexpected token: "only" "only"
    at line 112, column 48047.

Was expecting one of:

    "("
    <S>
)
2020-10-05 13:55:22,721 INFO o.a.j.t.JMeterThread: Thread is done: simple-ThreadStarter 1-2
2020-10-05 13:55:22,725 INFO o.a.j.t.JMeterThread: Thread finished: simple-ThreadStarter 1-2
2020-10-05 13:55:53,796 INFO o.a.j.t.JMeterThread: Thread is done: simple-ThreadStarter 1-4
2020-10-05 13:55:53,799 INFO o.a.j.t.JMeterThread: Thread finished: simple-ThreadStarter 1-4
2020-10-05 13:56:02,433 INFO o.a.j.t.JMeterThread: Thread is done: simple-ThreadStarter 1-1
2020-10-05 13:56:02,434 INFO o.a.j.t.JMeterThread: Thread finished: simple-ThreadStarter 1-1
2020-10-05 13:56:30,689 INFO o.a.j.t.JMeterThread: Thread is done: simple-ThreadStarter 1-8
2020-10-05 13:56:30,693 INFO o.a.j.t.JMeterThread: Thread finished: simple-ThreadStarter 1-8
2020-10-05 13:56:44,043 INFO o.a.j.t.JMeterThread: Thread is done: simple-ThreadStarter 1-10
2020-10-05 13:56:44,047 INFO o.a.j.t.JMeterThread: Thread finished: simple-ThreadStarter 1-10
2020-10-05 13:56:53,448 INFO o.a.j.t.JMeterThread: Thread is done: simple-ThreadStarter 1-7
2020-10-05 13:56:53,451 INFO o.a.j.t.JMeterThread: Thread finished: simple-ThreadStarter 1-7
2020-10-05 13:57:31,577 INFO o.a.j.t.JMeterThread: Thread is done: simple-ThreadStarter 1-9
2020-10-05 13:57:31,581 INFO o.a.j.t.JMeterThread: Thread finished: simple-ThreadStarter 1-9
2020-10-05 13:57:57,094 INFO o.a.j.t.JMeterThread: Thread is done: simple-ThreadStarter 1-6
2020-10-05 13:57:57,100 INFO o.a.j.t.JMeterThread: Thread finished: simple-ThreadStarter 1-6
2020-10-05 13:58:08,770 INFO o.a.j.JMeter: Command: Shutdown received from /127.0.0.1
2020-10-05 13:58:08,788 WARN o.a.j.t.JMeterThread: Interrupting: simple-ThreadStarter 1-5 sampler: https://www.sf-test1.com/de-de
2020-10-05 13:58:08,790 WARN o.a.j.t.JMeterThread: No operation pending
2020-10-05 13:58:08,799 WARN o.a.j.t.JMeterThread: Interrupting: simple-ThreadStarter 1-3 sampler: https://www.sf-test1.com/de-de
2020-10-05 13:58:08,801 WARN o.a.j.t.JMeterThread: No operation pending
2020-10-05 13:58:08,802 WARN o.a.j.p.h.s.HTTPSamplerBase: Interrupted fetching embedded resources
java.lang.InterruptedException: null
	at java.util.concurrent.locks.AbstractQueuedSynchronizer$ConditionObject.reportInterruptAfterWait(AbstractQueuedSynchronizer.java:2014) ~[?:1.8.0_265]
	at java.util.concurrent.locks.AbstractQueuedSynchronizer$ConditionObject.await(AbstractQueuedSynchronizer.java:2048) ~[?:1.8.0_265]
	at java.util.concurrent.LinkedBlockingQueue.take(LinkedBlockingQueue.java:442) ~[?:1.8.0_265]
	at java.util.concurrent.ExecutorCompletionService.take(ExecutorCompletionService.java:193) ~[?:1.8.0_265]
	at org.apache.jmeter.protocol.http.sampler.ResourcesDownloader.invokeAllAndAwaitTermination(ResourcesDownloader.java:187) ~[ApacheJMeter_http.jar:5.2.1]
	at org.apache.jmeter.protocol.http.sampler.HTTPSamplerBase.downloadPageResources(HTTPSamplerBase.java:1436) [ApacheJMeter_http.jar:5.2.1]
	at org.apache.jmeter.protocol.http.sampler.HTTPSamplerBase.resultProcessing(HTTPSamplerBase.java:1749) [ApacheJMeter_http.jar:5.2.1]
	at org.apache.jmeter.protocol.http.sampler.HTTPAbstractImpl.resultProcessing(HTTPAbstractImpl.java:556) [ApacheJMeter_http.jar:5.2.1]
	at org.apache.jmeter.protocol.http.sampler.HTTPHC4Impl.sample(HTTPHC4Impl.java:648) [ApacheJMeter_http.jar:5.2.1]
	at org.apache.jmeter.protocol.http.sampler.HTTPSamplerProxy.sample(HTTPSamplerProxy.java:67) [ApacheJMeter_http.jar:5.2.1]
	at org.apache.jmeter.protocol.http.sampler.HTTPSamplerBase.sample(HTTPSamplerBase.java:1282) [ApacheJMeter_http.jar:5.2.1]
	at org.apache.jmeter.protocol.http.sampler.HTTPSamplerBase.sample(HTTPSamplerBase.java:1271) [ApacheJMeter_http.jar:5.2.1]
	at org.apache.jmeter.threads.JMeterThread.doSampling(JMeterThread.java:627) [ApacheJMeter_core.jar:5.2.1]
	at org.apache.jmeter.threads.JMeterThread.executeSamplePackage(JMeterThread.java:551) [ApacheJMeter_core.jar:5.2.1]
	at org.apache.jmeter.threads.JMeterThread.processSampler(JMeterThread.java:490) [ApacheJMeter_core.jar:5.2.1]
	at org.apache.jmeter.threads.JMeterThread.run(JMeterThread.java:257) [ApacheJMeter_core.jar:5.2.1]
	at java.lang.Thread.run(Thread.java:748) [?:1.8.0_265]
2020-10-05 13:58:08,792 WARN o.a.j.p.h.s.HTTPSamplerBase: Interrupted fetching embedded resources
java.lang.InterruptedException: null
	at java.util.concurrent.locks.AbstractQueuedSynchronizer$ConditionObject.reportInterruptAfterWait(AbstractQueuedSynchronizer.java:2014) ~[?:1.8.0_265]
	at java.util.concurrent.locks.AbstractQueuedSynchronizer$ConditionObject.await(AbstractQueuedSynchronizer.java:2048) ~[?:1.8.0_265]
	at java.util.concurrent.LinkedBlockingQueue.take(LinkedBlockingQueue.java:442) ~[?:1.8.0_265]
	at java.util.concurrent.ExecutorCompletionService.take(ExecutorCompletionService.java:193) ~[?:1.8.0_265]
	at org.apache.jmeter.protocol.http.sampler.ResourcesDownloader.invokeAllAndAwaitTermination(ResourcesDownloader.java:187) ~[ApacheJMeter_http.jar:5.2.1]
	at org.apache.jmeter.protocol.http.sampler.HTTPSamplerBase.downloadPageResources(HTTPSamplerBase.java:1436) [ApacheJMeter_http.jar:5.2.1]
	at org.apache.jmeter.protocol.http.sampler.HTTPSamplerBase.resultProcessing(HTTPSamplerBase.java:1749) [ApacheJMeter_http.jar:5.2.1]
	at org.apache.jmeter.protocol.http.sampler.HTTPAbstractImpl.resultProcessing(HTTPAbstractImpl.java:556) [ApacheJMeter_http.jar:5.2.1]
	at org.apache.jmeter.protocol.http.sampler.HTTPHC4Impl.sample(HTTPHC4Impl.java:648) [ApacheJMeter_http.jar:5.2.1]
	at org.apache.jmeter.protocol.http.sampler.HTTPSamplerProxy.sample(HTTPSamplerProxy.java:67) [ApacheJMeter_http.jar:5.2.1]
	at org.apache.jmeter.protocol.http.sampler.HTTPSamplerBase.sample(HTTPSamplerBase.java:1282) [ApacheJMeter_http.jar:5.2.1]
	at org.apache.jmeter.protocol.http.sampler.HTTPSamplerBase.sample(HTTPSamplerBase.java:1271) [ApacheJMeter_http.jar:5.2.1]
	at org.apache.jmeter.threads.JMeterThread.doSampling(JMeterThread.java:627) [ApacheJMeter_core.jar:5.2.1]
	at org.apache.jmeter.threads.JMeterThread.executeSamplePackage(JMeterThread.java:551) [ApacheJMeter_core.jar:5.2.1]
	at org.apache.jmeter.threads.JMeterThread.processSampler(JMeterThread.java:490) [ApacheJMeter_core.jar:5.2.1]
	at org.apache.jmeter.threads.JMeterThread.run(JMeterThread.java:257) [ApacheJMeter_core.jar:5.2.1]
	at java.lang.Thread.run(Thread.java:748) [?:1.8.0_265]
2020-10-05 13:58:08,852 INFO o.a.j.t.JMeterThread: Thread is done: simple-ThreadStarter 1-5
2020-10-05 13:58:08,853 INFO o.a.j.t.JMeterThread: Thread is done: simple-ThreadStarter 1-3
2020-10-05 13:58:08,853 INFO o.a.j.t.JMeterThread: Thread finished: simple-ThreadStarter 1-5
2020-10-05 13:58:08,854 INFO o.a.j.t.JMeterThread: Thread finished: simple-ThreadStarter 1-3
2020-10-05 13:58:08,871 INFO o.a.j.e.StandardJMeterEngine: Notifying test listeners of end of test
2020-10-05 13:58:08,893 INFO o.a.j.e.StandardJMeterEngine: Forced JVM shutdown requested at end of test
