2020-10-05 14:24:46,105 INFO o.a.j.u.JMeterUtils: Setting Locale to en_US
2020-10-05 14:24:46,184 INFO o.a.j.JMeter: Loading user properties from: /root/.bzt/jmeter-taurus/5.2.1/bin/user.properties
2020-10-05 14:24:46,186 INFO o.a.j.JMeter: Loading system properties from: /root/.bzt/jmeter-taurus/5.2.1/bin/system.properties
2020-10-05 14:24:46,188 INFO o.a.j.JMeter: Loading additional properties from: /tmp/artifacts/jmeter-bzt-6.properties
2020-10-05 14:24:46,199 INFO o.a.j.JMeter: Setting System properties from file: /tmp/artifacts/system-6.properties
2020-10-05 14:24:46,214 INFO o.a.j.JMeter: Copyright (c) 1998-2019 The Apache Software Foundation
2020-10-05 14:24:46,215 INFO o.a.j.JMeter: Version 5.2.1
2020-10-05 14:24:46,217 INFO o.a.j.JMeter: java.version=1.8.0_265
2020-10-05 14:24:46,218 INFO o.a.j.JMeter: java.vm.name=OpenJDK 64-Bit Server VM
2020-10-05 14:24:46,219 INFO o.a.j.JMeter: os.name=Linux
2020-10-05 14:24:46,220 INFO o.a.j.JMeter: os.arch=amd64
2020-10-05 14:24:46,221 INFO o.a.j.JMeter: os.version=4.19.76-linuxkit
2020-10-05 14:24:46,222 INFO o.a.j.JMeter: file.encoding=UTF-8
2020-10-05 14:24:46,224 INFO o.a.j.JMeter: java.awt.headless=true
2020-10-05 14:24:46,225 INFO o.a.j.JMeter: Max memory     =464519168
2020-10-05 14:24:46,227 INFO o.a.j.JMeter: Available Processors =2
2020-10-05 14:24:46,240 INFO o.a.j.JMeter: Default Locale=English (United States)
2020-10-05 14:24:46,242 INFO o.a.j.JMeter: JMeter  Locale=English (United States)
2020-10-05 14:24:46,243 INFO o.a.j.JMeter: JMeterHome=/root/.bzt/jmeter-taurus/5.2.1
2020-10-05 14:24:46,244 INFO o.a.j.JMeter: user.dir  =/bzt-configs
2020-10-05 14:24:46,248 INFO o.a.j.JMeter: PWD       =/bzt-configs
2020-10-05 14:24:46,250 INFO o.a.j.JMeter: IP: 172.17.0.2 Name: a7c0e2801c4f FullName: a7c0e2801c4f
2020-10-05 14:24:46,251 INFO o.a.j.JMeter: user.classpath=/tmp/artifacts:/tmp/artifacts
2020-10-05 14:24:46,253 INFO o.a.j.JMeter: Adding to classpath and loader: /tmp/artifacts
2020-10-05 14:24:46,285 INFO o.a.j.JMeter: Adding to classpath and loader: /tmp/artifacts
2020-10-05 14:24:46,321 INFO o.a.j.s.FileServer: Default base='/bzt-configs'
2020-10-05 14:24:46,355 INFO o.a.j.s.FileServer: Set new base='/tmp/artifacts'
2020-10-05 14:24:46,914 INFO o.a.j.s.SaveService: Testplan (JMX) version: 2.2. Testlog (JTL) version: 2.2
2020-10-05 14:24:46,948 INFO o.a.j.s.SaveService: Using SaveService properties file encoding UTF-8
2020-10-05 14:24:46,972 INFO o.a.j.s.SaveService: Using SaveService properties version 5.0
2020-10-05 14:24:47,002 INFO o.a.j.s.SaveService: Loading file: /tmp/artifacts/modified_requests-6.jmx
2020-10-05 14:24:47,162 INFO o.a.j.p.h.c.CacheManager: Will only cache the following methods: [GET]
2020-10-05 14:24:47,169 INFO o.a.j.p.h.c.CookieManager: Settings: Delete null: true Check: true Allow variable: true Save: false Prefix: COOKIE_
2020-10-05 14:24:47,222 INFO o.a.j.p.h.s.HTTPSamplerBase: Parser for text/html is org.apache.jmeter.protocol.http.parser.LagartoBasedHtmlParser
2020-10-05 14:24:47,224 INFO o.a.j.p.h.s.HTTPSamplerBase: Parser for application/xhtml+xml is org.apache.jmeter.protocol.http.parser.LagartoBasedHtmlParser
2020-10-05 14:24:47,225 INFO o.a.j.p.h.s.HTTPSamplerBase: Parser for application/xml is org.apache.jmeter.protocol.http.parser.LagartoBasedHtmlParser
2020-10-05 14:24:47,226 INFO o.a.j.p.h.s.HTTPSamplerBase: Parser for text/xml is org.apache.jmeter.protocol.http.parser.LagartoBasedHtmlParser
2020-10-05 14:24:47,227 INFO o.a.j.p.h.s.HTTPSamplerBase: Parser for text/vnd.wap.wml is org.apache.jmeter.protocol.http.parser.RegexpHTMLParser
2020-10-05 14:24:47,228 INFO o.a.j.p.h.s.HTTPSamplerBase: Parser for text/css is org.apache.jmeter.protocol.http.parser.CssParser
2020-10-05 14:24:47,478 INFO o.a.j.e.StandardJMeterEngine: Running the test!
2020-10-05 14:24:47,484 INFO o.a.j.s.SampleEvent: List of sample_variables: []
2020-10-05 14:24:47,485 INFO o.a.j.s.SampleEvent: List of sample_variables: []
2020-10-05 14:24:47,516 INFO o.a.j.e.u.CompoundVariable: Note: Function class names must contain the string: '.functions.'
2020-10-05 14:24:47,517 INFO o.a.j.e.u.CompoundVariable: Note: Function class names must not contain the string: '.gui.'
2020-10-05 14:24:49,147 INFO o.a.j.JMeter: Running test (1601907889147)
2020-10-05 14:24:49,273 INFO o.a.j.e.StandardJMeterEngine: Starting ThreadGroup: 1 : simple
2020-10-05 14:24:49,274 INFO o.a.j.e.StandardJMeterEngine: Starting 10 threads for group simple.
2020-10-05 14:24:49,275 INFO o.a.j.e.StandardJMeterEngine: Thread will continue on error
2020-10-05 14:24:49,304 INFO o.a.j.e.StandardJMeterEngine: All thread groups have been started
2020-10-05 14:24:49,304 INFO c.b.j.t.c.ConcurrencyThreadStarter: Start supplying threads
2020-10-05 14:24:52,373 INFO o.a.j.s.SampleResult: Note: Sample TimeStamps are START times
2020-10-05 14:24:52,375 INFO o.a.j.s.SampleResult: sampleresult.default.encoding is set to UTF-8
2020-10-05 14:24:52,379 INFO o.a.j.s.SampleResult: sampleresult.useNanoTime=true
2020-10-05 14:24:52,380 INFO o.a.j.s.SampleResult: sampleresult.nanoThreadSleep=5000
2020-10-05 14:24:52,377 INFO o.a.j.t.JMeterThread: Thread started: simple-ThreadStarter 1-1
2020-10-05 14:24:53,267 INFO o.a.j.p.h.s.HTTPHCAbstractImpl: Local host = a7c0e2801c4f
2020-10-05 14:24:53,306 INFO o.a.j.p.h.s.HTTPHC4Impl: HTTP request retry count = 0
2020-10-05 14:24:53,760 INFO o.a.j.p.h.s.h.LazyLayeredConnectionSocketFactory: Setting up HTTPS TrustAll Socket Factory
2020-10-05 14:24:53,788 INFO o.a.j.u.JsseSSLManager: Using default SSL protocol: TLS
2020-10-05 14:24:53,789 INFO o.a.j.u.JsseSSLManager: SSL session context: per-thread
2020-10-05 14:24:54,041 INFO o.a.j.u.SSLManager: JmeterKeyStore Location:  type JKS
2020-10-05 14:24:54,050 INFO o.a.j.u.SSLManager: KeyStore created OK
2020-10-05 14:24:54,051 WARN o.a.j.u.SSLManager: Keystore file not found, loading empty keystore
2020-10-05 14:24:55,081 INFO o.a.j.p.h.p.BaseParser: Created org.apache.jmeter.protocol.http.parser.LagartoBasedHtmlParser
2020-10-05 14:24:55,443 INFO o.a.j.p.h.s.ResourcesDownloader: Creating ResourcesDownloader with keepalive_inseconds : 60
2020-10-05 14:24:55,943 INFO o.a.j.p.h.p.BaseParser: Created org.apache.jmeter.protocol.http.parser.CssParser
2020-10-05 14:24:58,412 INFO o.a.j.t.JMeterThread: Thread started: simple-ThreadStarter 1-2
2020-10-05 14:25:04,395 INFO o.a.j.t.JMeterThread: Thread started: simple-ThreadStarter 1-3
2020-10-05 14:25:10,416 INFO o.a.j.t.JMeterThread: Thread started: simple-ThreadStarter 1-4
2020-10-05 14:25:16,428 INFO o.a.j.t.JMeterThread: Thread started: simple-ThreadStarter 1-5
2020-10-05 14:25:22,447 INFO o.a.j.t.JMeterThread: Thread started: simple-ThreadStarter 1-6
2020-10-05 14:25:28,472 INFO o.a.j.t.JMeterThread: Thread started: simple-ThreadStarter 1-7
2020-10-05 14:25:34,452 INFO o.a.j.t.JMeterThread: Thread started: simple-ThreadStarter 1-8
2020-10-05 14:25:40,578 INFO o.a.j.t.JMeterThread: Thread started: simple-ThreadStarter 1-9
2020-10-05 14:25:42,890 INFO o.a.j.JMeter: Command: Shutdown received from /127.0.0.1
2020-10-05 14:25:42,901 INFO c.b.j.t.c.ConcurrencyThreadStarter: Done supplying threads
2020-10-05 14:25:42,894 WARN o.a.j.t.JMeterThread: Interrupting: simple-ThreadStarter 1-3 sampler: https://www.smartfrog.com/de-de
2020-10-05 14:25:42,905 WARN o.a.j.t.JMeterThread: No operation pending
2020-10-05 14:25:42,915 WARN o.a.j.t.JMeterThread: Interrupting: simple-ThreadStarter 1-9 sampler: https://www.smartfrog.com/de-de
2020-10-05 14:25:42,924 WARN o.a.j.t.JMeterThread: Interrupting: simple-ThreadStarter 1-4 sampler: https://www.smartfrog.com/de-de/shop/register
2020-10-05 14:25:42,908 WARN o.a.j.p.h.s.HTTPSamplerBase: Interrupted fetching embedded resources
java.lang.InterruptedException: null
	at java.util.concurrent.locks.AbstractQueuedSynchronizer$ConditionObject.reportInterruptAfterWait(AbstractQueuedSynchronizer.java:2014) ~[?:1.8.0_265]
	at java.util.concurrent.locks.AbstractQueuedSynchronizer$ConditionObject.await(AbstractQueuedSynchronizer.java:2048) ~[?:1.8.0_265]
	at java.util.concurrent.LinkedBlockingQueue.take(LinkedBlockingQueue.java:442) ~[?:1.8.0_265]
	at java.util.concurrent.ExecutorCompletionService.take(ExecutorCompletionService.java:193) ~[?:1.8.0_265]
	at org.apache.jmeter.protocol.http.sampler.ResourcesDownloader.invokeAllAndAwaitTermination(ResourcesDownloader.java:179) ~[ApacheJMeter_http.jar:5.2.1]
	at org.apache.jmeter.protocol.http.sampler.HTTPSamplerBase.downloadPageResources(HTTPSamplerBase.java:1436) [ApacheJMeter_http.jar:5.2.1]
	at org.apache.jmeter.protocol.http.sampler.HTTPSamplerBase.resultProcessing(HTTPSamplerBase.java:1749) [ApacheJMeter_http.jar:5.2.1]
	at org.apache.jmeter.protocol.http.sampler.HTTPAbstractImpl.resultProcessing(HTTPAbstractImpl.java:556) [ApacheJMeter_http.jar:5.2.1]
	at org.apache.jmeter.protocol.http.sampler.HTTPHC4Impl.sample(HTTPHC4Impl.java:648) [ApacheJMeter_http.jar:5.2.1]
	at org.apache.jmeter.protocol.http.sampler.HTTPSamplerProxy.sample(HTTPSamplerProxy.java:67) [ApacheJMeter_http.jar:5.2.1]
	at org.apache.jmeter.protocol.http.sampler.HTTPSamplerBase.sample(HTTPSamplerBase.java:1282) [ApacheJMeter_http.jar:5.2.1]
	at org.apache.jmeter.protocol.http.sampler.HTTPSamplerBase.sample(HTTPSamplerBase.java:1271) [ApacheJMeter_http.jar:5.2.1]
	at org.apache.jmeter.threads.JMeterThread.doSampling(JMeterThread.java:627) [ApacheJMeter_core.jar:5.2.1]
	at org.apache.jmeter.threads.JMeterThread.executeSamplePackage(JMeterThread.java:551) [ApacheJMeter_core.jar:5.2.1]
	at org.apache.jmeter.threads.JMeterThread.processSampler(JMeterThread.java:490) [ApacheJMeter_core.jar:5.2.1]
	at org.apache.jmeter.threads.JMeterThread.run(JMeterThread.java:257) [ApacheJMeter_core.jar:5.2.1]
	at java.lang.Thread.run(Thread.java:748) [?:1.8.0_265]
2020-10-05 14:25:42,936 WARN o.a.j.t.JMeterThread: Interrupting: simple-ThreadStarter 1-5 sampler: https://www.smartfrog.com/de-de
2020-10-05 14:25:42,941 WARN o.a.j.t.JMeterThread: No operation pending
2020-10-05 14:25:42,945 WARN o.a.j.t.JMeterThread: Interrupting: simple-ThreadStarter 1-8 sampler: https://www.smartfrog.com/de-de
2020-10-05 14:25:42,942 INFO o.a.j.t.JMeterThread: Thread is done: simple-ThreadStarter 1-9
2020-10-05 14:25:42,947 INFO o.a.j.t.JMeterThread: Thread finished: simple-ThreadStarter 1-9
2020-10-05 14:25:42,946 WARN o.a.j.t.JMeterThread: No operation pending
2020-10-05 14:25:42,951 WARN o.a.j.t.JMeterThread: Interrupting: simple-ThreadStarter 1-2 sampler: https://www.smartfrog.com/de-de
2020-10-05 14:25:42,952 WARN o.a.j.t.JMeterThread: No operation pending
2020-10-05 14:25:42,953 WARN o.a.j.t.JMeterThread: Interrupting: simple-ThreadStarter 1-7 sampler: https://www.smartfrog.com/de-de
2020-10-05 14:25:42,954 WARN o.a.j.t.JMeterThread: No operation pending
2020-10-05 14:25:42,958 WARN o.a.j.t.JMeterThread: Interrupting: simple-ThreadStarter 1-1 sampler: https://www.smartfrog.com/de-de
2020-10-05 14:25:42,959 WARN o.a.j.t.JMeterThread: No operation pending
2020-10-05 14:25:42,960 WARN o.a.j.t.JMeterThread: Interrupting: simple-ThreadStarter 1-6 sampler: https://www.smartfrog.com/de-de
2020-10-05 14:25:42,960 WARN o.a.j.t.JMeterThread: No operation pending
2020-10-05 14:25:42,960 WARN o.a.j.p.h.s.HTTPSamplerBase: Interrupted fetching embedded resources
java.lang.InterruptedException: null
	at java.util.concurrent.locks.AbstractQueuedSynchronizer$ConditionObject.reportInterruptAfterWait(AbstractQueuedSynchronizer.java:2014) ~[?:1.8.0_265]
	at java.util.concurrent.locks.AbstractQueuedSynchronizer$ConditionObject.await(AbstractQueuedSynchronizer.java:2048) ~[?:1.8.0_265]
	at java.util.concurrent.LinkedBlockingQueue.take(LinkedBlockingQueue.java:442) ~[?:1.8.0_265]
	at java.util.concurrent.ExecutorCompletionService.take(ExecutorCompletionService.java:193) ~[?:1.8.0_265]
	at org.apache.jmeter.protocol.http.sampler.ResourcesDownloader.invokeAllAndAwaitTermination(ResourcesDownloader.java:179) ~[ApacheJMeter_http.jar:5.2.1]
	at org.apache.jmeter.protocol.http.sampler.HTTPSamplerBase.downloadPageResources(HTTPSamplerBase.java:1436) [ApacheJMeter_http.jar:5.2.1]
	at org.apache.jmeter.protocol.http.sampler.HTTPSamplerBase.resultProcessing(HTTPSamplerBase.java:1749) [ApacheJMeter_http.jar:5.2.1]
	at org.apache.jmeter.protocol.http.sampler.HTTPAbstractImpl.resultProcessing(HTTPAbstractImpl.java:556) [ApacheJMeter_http.jar:5.2.1]
	at org.apache.jmeter.protocol.http.sampler.HTTPHC4Impl.sample(HTTPHC4Impl.java:648) [ApacheJMeter_http.jar:5.2.1]
	at org.apache.jmeter.protocol.http.sampler.HTTPSamplerProxy.sample(HTTPSamplerProxy.java:67) [ApacheJMeter_http.jar:5.2.1]
	at org.apache.jmeter.protocol.http.sampler.HTTPSamplerBase.sample(HTTPSamplerBase.java:1282) [ApacheJMeter_http.jar:5.2.1]
	at org.apache.jmeter.protocol.http.sampler.HTTPSamplerBase.sample(HTTPSamplerBase.java:1271) [ApacheJMeter_http.jar:5.2.1]
	at org.apache.jmeter.threads.JMeterThread.doSampling(JMeterThread.java:627) [ApacheJMeter_core.jar:5.2.1]
	at org.apache.jmeter.threads.JMeterThread.executeSamplePackage(JMeterThread.java:551) [ApacheJMeter_core.jar:5.2.1]
	at org.apache.jmeter.threads.JMeterThread.processSampler(JMeterThread.java:490) [ApacheJMeter_core.jar:5.2.1]
	at org.apache.jmeter.threads.JMeterThread.run(JMeterThread.java:257) [ApacheJMeter_core.jar:5.2.1]
	at java.lang.Thread.run(Thread.java:748) [?:1.8.0_265]
2020-10-05 14:25:42,953 INFO o.a.j.t.JMeterThread: Thread is done: simple-ThreadStarter 1-3
2020-10-05 14:25:42,967 INFO o.a.j.t.JMeterThread: Thread finished: simple-ThreadStarter 1-3
2020-10-05 14:25:42,964 INFO o.a.j.t.JMeterThread: Thread is done: simple-ThreadStarter 1-4
2020-10-05 14:25:42,960 WARN o.a.j.p.h.s.HTTPSamplerBase: Interrupted fetching embedded resources
java.lang.InterruptedException: null
	at java.util.concurrent.locks.AbstractQueuedSynchronizer$ConditionObject.reportInterruptAfterWait(AbstractQueuedSynchronizer.java:2014) ~[?:1.8.0_265]
	at java.util.concurrent.locks.AbstractQueuedSynchronizer$ConditionObject.await(AbstractQueuedSynchronizer.java:2048) ~[?:1.8.0_265]
	at java.util.concurrent.LinkedBlockingQueue.take(LinkedBlockingQueue.java:442) ~[?:1.8.0_265]
	at java.util.concurrent.ExecutorCompletionService.take(ExecutorCompletionService.java:193) ~[?:1.8.0_265]
	at org.apache.jmeter.protocol.http.sampler.ResourcesDownloader.invokeAllAndAwaitTermination(ResourcesDownloader.java:187) ~[ApacheJMeter_http.jar:5.2.1]
	at org.apache.jmeter.protocol.http.sampler.HTTPSamplerBase.downloadPageResources(HTTPSamplerBase.java:1436) [ApacheJMeter_http.jar:5.2.1]
	at org.apache.jmeter.protocol.http.sampler.HTTPSamplerBase.resultProcessing(HTTPSamplerBase.java:1749) [ApacheJMeter_http.jar:5.2.1]
	at org.apache.jmeter.protocol.http.sampler.HTTPAbstractImpl.resultProcessing(HTTPAbstractImpl.java:556) [ApacheJMeter_http.jar:5.2.1]
	at org.apache.jmeter.protocol.http.sampler.HTTPHC4Impl.sample(HTTPHC4Impl.java:648) [ApacheJMeter_http.jar:5.2.1]
	at org.apache.jmeter.protocol.http.sampler.HTTPSamplerProxy.sample(HTTPSamplerProxy.java:67) [ApacheJMeter_http.jar:5.2.1]
	at org.apache.jmeter.protocol.http.sampler.HTTPSamplerBase$ASyncSample.call(HTTPSamplerBase.java:2126) [ApacheJMeter_http.jar:5.2.1]
	at org.apache.jmeter.protocol.http.sampler.HTTPSamplerBase$ASyncSample.call(HTTPSamplerBase.java:2094) [ApacheJMeter_http.jar:5.2.1]
	at java.util.concurrent.FutureTask.run(FutureTask.java:266) [?:1.8.0_265]
	at java.util.concurrent.Executors$RunnableAdapter.call(Executors.java:511) [?:1.8.0_265]
	at java.util.concurrent.FutureTask.run(FutureTask.java:266) [?:1.8.0_265]
	at java.util.concurrent.ThreadPoolExecutor.runWorker(ThreadPoolExecutor.java:1149) [?:1.8.0_265]
	at java.util.concurrent.ThreadPoolExecutor$Worker.run(ThreadPoolExecutor.java:624) [?:1.8.0_265]
	at java.lang.Thread.run(Thread.java:748) [?:1.8.0_265]
2020-10-05 14:25:42,961 WARN o.a.j.p.h.s.HTTPSamplerBase: Interrupted fetching embedded resources
java.lang.InterruptedException: null
	at java.util.concurrent.locks.AbstractQueuedSynchronizer$ConditionObject.reportInterruptAfterWait(AbstractQueuedSynchronizer.java:2014) ~[?:1.8.0_265]
	at java.util.concurrent.locks.AbstractQueuedSynchronizer$ConditionObject.await(AbstractQueuedSynchronizer.java:2048) ~[?:1.8.0_265]
	at java.util.concurrent.LinkedBlockingQueue.take(LinkedBlockingQueue.java:442) ~[?:1.8.0_265]
	at java.util.concurrent.ExecutorCompletionService.take(ExecutorCompletionService.java:193) ~[?:1.8.0_265]
	at org.apache.jmeter.protocol.http.sampler.ResourcesDownloader.invokeAllAndAwaitTermination(ResourcesDownloader.java:179) ~[ApacheJMeter_http.jar:5.2.1]
	at org.apache.jmeter.protocol.http.sampler.HTTPSamplerBase.downloadPageResources(HTTPSamplerBase.java:1436) [ApacheJMeter_http.jar:5.2.1]
	at org.apache.jmeter.protocol.http.sampler.HTTPSamplerBase.resultProcessing(HTTPSamplerBase.java:1749) [ApacheJMeter_http.jar:5.2.1]
	at org.apache.jmeter.protocol.http.sampler.HTTPAbstractImpl.resultProcessing(HTTPAbstractImpl.java:556) [ApacheJMeter_http.jar:5.2.1]
	at org.apache.jmeter.protocol.http.sampler.HTTPHC4Impl.sample(HTTPHC4Impl.java:648) [ApacheJMeter_http.jar:5.2.1]
	at org.apache.jmeter.protocol.http.sampler.HTTPSamplerProxy.sample(HTTPSamplerProxy.java:67) [ApacheJMeter_http.jar:5.2.1]
	at org.apache.jmeter.protocol.http.sampler.HTTPSamplerBase.sample(HTTPSamplerBase.java:1282) [ApacheJMeter_http.jar:5.2.1]
	at org.apache.jmeter.protocol.http.sampler.HTTPSamplerBase.sample(HTTPSamplerBase.java:1271) [ApacheJMeter_http.jar:5.2.1]
	at org.apache.jmeter.threads.JMeterThread.doSampling(JMeterThread.java:627) [ApacheJMeter_core.jar:5.2.1]
	at org.apache.jmeter.threads.JMeterThread.executeSamplePackage(JMeterThread.java:551) [ApacheJMeter_core.jar:5.2.1]
	at org.apache.jmeter.threads.JMeterThread.processSampler(JMeterThread.java:490) [ApacheJMeter_core.jar:5.2.1]
	at org.apache.jmeter.threads.JMeterThread.run(JMeterThread.java:257) [ApacheJMeter_core.jar:5.2.1]
	at java.lang.Thread.run(Thread.java:748) [?:1.8.0_265]
2020-10-05 14:25:42,958 WARN o.a.j.p.h.s.HTTPSamplerBase: Interrupted fetching embedded resources
java.lang.InterruptedException: null
	at java.util.concurrent.locks.AbstractQueuedSynchronizer$ConditionObject.reportInterruptAfterWait(AbstractQueuedSynchronizer.java:2014) ~[?:1.8.0_265]
	at java.util.concurrent.locks.AbstractQueuedSynchronizer$ConditionObject.await(AbstractQueuedSynchronizer.java:2048) ~[?:1.8.0_265]
	at java.util.concurrent.LinkedBlockingQueue.take(LinkedBlockingQueue.java:442) ~[?:1.8.0_265]
	at java.util.concurrent.ExecutorCompletionService.take(ExecutorCompletionService.java:193) ~[?:1.8.0_265]
	at org.apache.jmeter.protocol.http.sampler.ResourcesDownloader.invokeAllAndAwaitTermination(ResourcesDownloader.java:179) ~[ApacheJMeter_http.jar:5.2.1]
	at org.apache.jmeter.protocol.http.sampler.HTTPSamplerBase.downloadPageResources(HTTPSamplerBase.java:1436) [ApacheJMeter_http.jar:5.2.1]
	at org.apache.jmeter.protocol.http.sampler.HTTPSamplerBase.resultProcessing(HTTPSamplerBase.java:1749) [ApacheJMeter_http.jar:5.2.1]
	at org.apache.jmeter.protocol.http.sampler.HTTPAbstractImpl.resultProcessing(HTTPAbstractImpl.java:556) [ApacheJMeter_http.jar:5.2.1]
	at org.apache.jmeter.protocol.http.sampler.HTTPHC4Impl.sample(HTTPHC4Impl.java:648) [ApacheJMeter_http.jar:5.2.1]
	at org.apache.jmeter.protocol.http.sampler.HTTPSamplerProxy.sample(HTTPSamplerProxy.java:67) [ApacheJMeter_http.jar:5.2.1]
	at org.apache.jmeter.protocol.http.sampler.HTTPSamplerBase.sample(HTTPSamplerBase.java:1282) [ApacheJMeter_http.jar:5.2.1]
	at org.apache.jmeter.protocol.http.sampler.HTTPSamplerBase.sample(HTTPSamplerBase.java:1271) [ApacheJMeter_http.jar:5.2.1]
	at org.apache.jmeter.threads.JMeterThread.doSampling(JMeterThread.java:627) [ApacheJMeter_core.jar:5.2.1]
	at org.apache.jmeter.threads.JMeterThread.executeSamplePackage(JMeterThread.java:551) [ApacheJMeter_core.jar:5.2.1]
	at org.apache.jmeter.threads.JMeterThread.processSampler(JMeterThread.java:490) [ApacheJMeter_core.jar:5.2.1]
	at org.apache.jmeter.threads.JMeterThread.run(JMeterThread.java:257) [ApacheJMeter_core.jar:5.2.1]
	at java.lang.Thread.run(Thread.java:748) [?:1.8.0_265]
2020-10-05 14:25:42,951 WARN o.a.j.p.h.s.HTTPSamplerBase: Interrupted fetching embedded resources
java.lang.InterruptedException: null
	at java.util.concurrent.locks.AbstractQueuedSynchronizer$ConditionObject.reportInterruptAfterWait(AbstractQueuedSynchronizer.java:2014) ~[?:1.8.0_265]
	at java.util.concurrent.locks.AbstractQueuedSynchronizer$ConditionObject.await(AbstractQueuedSynchronizer.java:2048) ~[?:1.8.0_265]
	at java.util.concurrent.LinkedBlockingQueue.take(LinkedBlockingQueue.java:442) ~[?:1.8.0_265]
	at java.util.concurrent.ExecutorCompletionService.take(ExecutorCompletionService.java:193) ~[?:1.8.0_265]
	at org.apache.jmeter.protocol.http.sampler.ResourcesDownloader.invokeAllAndAwaitTermination(ResourcesDownloader.java:179) ~[ApacheJMeter_http.jar:5.2.1]
	at org.apache.jmeter.protocol.http.sampler.HTTPSamplerBase.downloadPageResources(HTTPSamplerBase.java:1436) [ApacheJMeter_http.jar:5.2.1]
	at org.apache.jmeter.protocol.http.sampler.HTTPSamplerBase.resultProcessing(HTTPSamplerBase.java:1749) [ApacheJMeter_http.jar:5.2.1]
	at org.apache.jmeter.protocol.http.sampler.HTTPAbstractImpl.resultProcessing(HTTPAbstractImpl.java:556) [ApacheJMeter_http.jar:5.2.1]
	at org.apache.jmeter.protocol.http.sampler.HTTPHC4Impl.sample(HTTPHC4Impl.java:648) [ApacheJMeter_http.jar:5.2.1]
	at org.apache.jmeter.protocol.http.sampler.HTTPSamplerProxy.sample(HTTPSamplerProxy.java:67) [ApacheJMeter_http.jar:5.2.1]
	at org.apache.jmeter.protocol.http.sampler.HTTPSamplerBase.sample(HTTPSamplerBase.java:1282) [ApacheJMeter_http.jar:5.2.1]
	at org.apache.jmeter.protocol.http.sampler.HTTPSamplerBase.sample(HTTPSamplerBase.java:1271) [ApacheJMeter_http.jar:5.2.1]
	at org.apache.jmeter.threads.JMeterThread.doSampling(JMeterThread.java:627) [ApacheJMeter_core.jar:5.2.1]
	at org.apache.jmeter.threads.JMeterThread.executeSamplePackage(JMeterThread.java:551) [ApacheJMeter_core.jar:5.2.1]
	at org.apache.jmeter.threads.JMeterThread.processSampler(JMeterThread.java:490) [ApacheJMeter_core.jar:5.2.1]
	at org.apache.jmeter.threads.JMeterThread.run(JMeterThread.java:257) [ApacheJMeter_core.jar:5.2.1]
	at java.lang.Thread.run(Thread.java:748) [?:1.8.0_265]
2020-10-05 14:25:42,945 WARN o.a.j.p.h.s.HTTPSamplerBase: Interrupted fetching embedded resources
java.lang.InterruptedException: null
	at java.util.concurrent.locks.AbstractQueuedSynchronizer$ConditionObject.reportInterruptAfterWait(AbstractQueuedSynchronizer.java:2014) ~[?:1.8.0_265]
	at java.util.concurrent.locks.AbstractQueuedSynchronizer$ConditionObject.await(AbstractQueuedSynchronizer.java:2048) ~[?:1.8.0_265]
	at java.util.concurrent.LinkedBlockingQueue.take(LinkedBlockingQueue.java:442) ~[?:1.8.0_265]
	at java.util.concurrent.ExecutorCompletionService.take(ExecutorCompletionService.java:193) ~[?:1.8.0_265]
	at org.apache.jmeter.protocol.http.sampler.ResourcesDownloader.invokeAllAndAwaitTermination(ResourcesDownloader.java:187) ~[ApacheJMeter_http.jar:5.2.1]
	at org.apache.jmeter.protocol.http.sampler.HTTPSamplerBase.downloadPageResources(HTTPSamplerBase.java:1436) [ApacheJMeter_http.jar:5.2.1]
	at org.apache.jmeter.protocol.http.sampler.HTTPSamplerBase.resultProcessing(HTTPSamplerBase.java:1749) [ApacheJMeter_http.jar:5.2.1]
	at org.apache.jmeter.protocol.http.sampler.HTTPAbstractImpl.resultProcessing(HTTPAbstractImpl.java:556) [ApacheJMeter_http.jar:5.2.1]
	at org.apache.jmeter.protocol.http.sampler.HTTPHC4Impl.sample(HTTPHC4Impl.java:648) [ApacheJMeter_http.jar:5.2.1]
	at org.apache.jmeter.protocol.http.sampler.HTTPSamplerProxy.sample(HTTPSamplerProxy.java:67) [ApacheJMeter_http.jar:5.2.1]
	at org.apache.jmeter.protocol.http.sampler.HTTPSamplerBase$ASyncSample.call(HTTPSamplerBase.java:2126) [ApacheJMeter_http.jar:5.2.1]
	at org.apache.jmeter.protocol.http.sampler.HTTPSamplerBase$ASyncSample.call(HTTPSamplerBase.java:2094) [ApacheJMeter_http.jar:5.2.1]
	at java.util.concurrent.FutureTask.run(FutureTask.java:266) [?:1.8.0_265]
	at java.util.concurrent.Executors$RunnableAdapter.call(Executors.java:511) [?:1.8.0_265]
	at java.util.concurrent.FutureTask.run(FutureTask.java:266) [?:1.8.0_265]
	at java.util.concurrent.ThreadPoolExecutor.runWorker(ThreadPoolExecutor.java:1149) [?:1.8.0_265]
	at java.util.concurrent.ThreadPoolExecutor$Worker.run(ThreadPoolExecutor.java:624) [?:1.8.0_265]
	at java.lang.Thread.run(Thread.java:748) [?:1.8.0_265]
2020-10-05 14:25:42,953 WARN o.a.j.p.h.s.HTTPSamplerBase: Interrupted fetching embedded resources
java.lang.InterruptedException: null
	at java.util.concurrent.locks.AbstractQueuedSynchronizer$ConditionObject.reportInterruptAfterWait(AbstractQueuedSynchronizer.java:2014) ~[?:1.8.0_265]
	at java.util.concurrent.locks.AbstractQueuedSynchronizer$ConditionObject.await(AbstractQueuedSynchronizer.java:2048) ~[?:1.8.0_265]
	at java.util.concurrent.LinkedBlockingQueue.take(LinkedBlockingQueue.java:442) ~[?:1.8.0_265]
	at java.util.concurrent.ExecutorCompletionService.take(ExecutorCompletionService.java:193) ~[?:1.8.0_265]
	at org.apache.jmeter.protocol.http.sampler.ResourcesDownloader.invokeAllAndAwaitTermination(ResourcesDownloader.java:179) ~[ApacheJMeter_http.jar:5.2.1]
	at org.apache.jmeter.protocol.http.sampler.HTTPSamplerBase.downloadPageResources(HTTPSamplerBase.java:1436) [ApacheJMeter_http.jar:5.2.1]
	at org.apache.jmeter.protocol.http.sampler.HTTPSamplerBase.resultProcessing(HTTPSamplerBase.java:1749) [ApacheJMeter_http.jar:5.2.1]
	at org.apache.jmeter.protocol.http.sampler.HTTPAbstractImpl.resultProcessing(HTTPAbstractImpl.java:556) [ApacheJMeter_http.jar:5.2.1]
	at org.apache.jmeter.protocol.http.sampler.HTTPHC4Impl.sample(HTTPHC4Impl.java:648) [ApacheJMeter_http.jar:5.2.1]
	at org.apache.jmeter.protocol.http.sampler.HTTPSamplerProxy.sample(HTTPSamplerProxy.java:67) [ApacheJMeter_http.jar:5.2.1]
	at org.apache.jmeter.protocol.http.sampler.HTTPSamplerBase.sample(HTTPSamplerBase.java:1282) [ApacheJMeter_http.jar:5.2.1]
	at org.apache.jmeter.protocol.http.sampler.HTTPSamplerBase.sample(HTTPSamplerBase.java:1271) [ApacheJMeter_http.jar:5.2.1]
	at org.apache.jmeter.threads.JMeterThread.doSampling(JMeterThread.java:627) [ApacheJMeter_core.jar:5.2.1]
	at org.apache.jmeter.threads.JMeterThread.executeSamplePackage(JMeterThread.java:551) [ApacheJMeter_core.jar:5.2.1]
	at org.apache.jmeter.threads.JMeterThread.processSampler(JMeterThread.java:490) [ApacheJMeter_core.jar:5.2.1]
	at org.apache.jmeter.threads.JMeterThread.run(JMeterThread.java:257) [ApacheJMeter_core.jar:5.2.1]
	at java.lang.Thread.run(Thread.java:748) [?:1.8.0_265]
2020-10-05 14:25:42,945 WARN o.a.j.p.h.s.HTTPSamplerBase: Interrupted fetching embedded resources
java.lang.InterruptedException: null
	at java.util.concurrent.locks.AbstractQueuedSynchronizer$ConditionObject.reportInterruptAfterWait(AbstractQueuedSynchronizer.java:2014) ~[?:1.8.0_265]
	at java.util.concurrent.locks.AbstractQueuedSynchronizer$ConditionObject.await(AbstractQueuedSynchronizer.java:2048) ~[?:1.8.0_265]
	at java.util.concurrent.LinkedBlockingQueue.take(LinkedBlockingQueue.java:442) ~[?:1.8.0_265]
	at java.util.concurrent.ExecutorCompletionService.take(ExecutorCompletionService.java:193) ~[?:1.8.0_265]
	at org.apache.jmeter.protocol.http.sampler.ResourcesDownloader.invokeAllAndAwaitTermination(ResourcesDownloader.java:179) ~[ApacheJMeter_http.jar:5.2.1]
	at org.apache.jmeter.protocol.http.sampler.HTTPSamplerBase.downloadPageResources(HTTPSamplerBase.java:1436) [ApacheJMeter_http.jar:5.2.1]
	at org.apache.jmeter.protocol.http.sampler.HTTPSamplerBase.resultProcessing(HTTPSamplerBase.java:1749) [ApacheJMeter_http.jar:5.2.1]
	at org.apache.jmeter.protocol.http.sampler.HTTPAbstractImpl.resultProcessing(HTTPAbstractImpl.java:556) [ApacheJMeter_http.jar:5.2.1]
	at org.apache.jmeter.protocol.http.sampler.HTTPHC4Impl.sample(HTTPHC4Impl.java:648) [ApacheJMeter_http.jar:5.2.1]
	at org.apache.jmeter.protocol.http.sampler.HTTPSamplerProxy.sample(HTTPSamplerProxy.java:67) [ApacheJMeter_http.jar:5.2.1]
	at org.apache.jmeter.protocol.http.sampler.HTTPSamplerBase.sample(HTTPSamplerBase.java:1282) [ApacheJMeter_http.jar:5.2.1]
	at org.apache.jmeter.protocol.http.sampler.HTTPSamplerBase.sample(HTTPSamplerBase.java:1271) [ApacheJMeter_http.jar:5.2.1]
	at org.apache.jmeter.threads.JMeterThread.doSampling(JMeterThread.java:627) [ApacheJMeter_core.jar:5.2.1]
	at org.apache.jmeter.threads.JMeterThread.executeSamplePackage(JMeterThread.java:551) [ApacheJMeter_core.jar:5.2.1]
	at org.apache.jmeter.threads.JMeterThread.processSampler(JMeterThread.java:490) [ApacheJMeter_core.jar:5.2.1]
	at org.apache.jmeter.threads.JMeterThread.run(JMeterThread.java:257) [ApacheJMeter_core.jar:5.2.1]
	at java.lang.Thread.run(Thread.java:748) [?:1.8.0_265]
2020-10-05 14:25:42,975 INFO o.a.j.t.JMeterThread: Thread is done: simple-ThreadStarter 1-7
2020-10-05 14:25:42,987 INFO o.a.j.t.JMeterThread: Thread finished: simple-ThreadStarter 1-7
2020-10-05 14:25:42,971 INFO o.a.j.t.JMeterThread: Thread finished: simple-ThreadStarter 1-4
2020-10-05 14:25:42,967 INFO o.a.j.t.JMeterThread: Thread is done: simple-ThreadStarter 1-1
2020-10-05 14:25:42,992 INFO o.a.j.t.JMeterThread: Thread is done: simple-ThreadStarter 1-5
2020-10-05 14:25:43,000 INFO o.a.j.t.JMeterThread: Thread finished: simple-ThreadStarter 1-5
2020-10-05 14:25:42,991 INFO o.a.j.t.JMeterThread: Thread is done: simple-ThreadStarter 1-8
2020-10-05 14:25:42,990 INFO o.a.j.t.JMeterThread: Thread is done: simple-ThreadStarter 1-2
2020-10-05 14:25:43,004 INFO o.a.j.t.JMeterThread: Thread finished: simple-ThreadStarter 1-2
2020-10-05 14:25:43,004 INFO o.a.j.t.JMeterThread: Thread finished: simple-ThreadStarter 1-8
2020-10-05 14:25:42,997 INFO o.a.j.t.JMeterThread: Thread finished: simple-ThreadStarter 1-1
2020-10-05 14:25:43,006 INFO o.a.j.t.JMeterThread: Thread is done: simple-ThreadStarter 1-6
2020-10-05 14:25:43,007 INFO o.a.j.t.JMeterThread: Thread finished: simple-ThreadStarter 1-6
2020-10-05 14:25:43,028 INFO o.a.j.e.StandardJMeterEngine: Notifying test listeners of end of test
2020-10-05 14:25:43,067 INFO o.a.j.e.StandardJMeterEngine: Forced JVM shutdown requested at end of test
