2020-10-05 14:29:40,709 INFO o.a.j.u.JMeterUtils: Setting Locale to en_US
2020-10-05 14:29:40,753 INFO o.a.j.JMeter: Loading user properties from: /root/.bzt/jmeter-taurus/5.2.1/bin/user.properties
2020-10-05 14:29:40,755 INFO o.a.j.JMeter: Loading system properties from: /root/.bzt/jmeter-taurus/5.2.1/bin/system.properties
2020-10-05 14:29:40,757 INFO o.a.j.JMeter: Loading additional properties from: /tmp/artifacts/jmeter-bzt-7.properties
2020-10-05 14:29:40,766 INFO o.a.j.JMeter: Setting System properties from file: /tmp/artifacts/system-7.properties
2020-10-05 14:29:40,778 INFO o.a.j.JMeter: Copyright (c) 1998-2019 The Apache Software Foundation
2020-10-05 14:29:40,779 INFO o.a.j.JMeter: Version 5.2.1
2020-10-05 14:29:40,780 INFO o.a.j.JMeter: java.version=1.8.0_265
2020-10-05 14:29:40,781 INFO o.a.j.JMeter: java.vm.name=OpenJDK 64-Bit Server VM
2020-10-05 14:29:40,782 INFO o.a.j.JMeter: os.name=Linux
2020-10-05 14:29:40,782 INFO o.a.j.JMeter: os.arch=amd64
2020-10-05 14:29:40,783 INFO o.a.j.JMeter: os.version=4.19.76-linuxkit
2020-10-05 14:29:40,785 INFO o.a.j.JMeter: file.encoding=UTF-8
2020-10-05 14:29:40,786 INFO o.a.j.JMeter: java.awt.headless=true
2020-10-05 14:29:40,787 INFO o.a.j.JMeter: Max memory     =464519168
2020-10-05 14:29:40,788 INFO o.a.j.JMeter: Available Processors =2
2020-10-05 14:29:40,798 INFO o.a.j.JMeter: Default Locale=English (United States)
2020-10-05 14:29:40,800 INFO o.a.j.JMeter: JMeter  Locale=English (United States)
2020-10-05 14:29:40,801 INFO o.a.j.JMeter: JMeterHome=/root/.bzt/jmeter-taurus/5.2.1
2020-10-05 14:29:40,802 INFO o.a.j.JMeter: user.dir  =/bzt-configs
2020-10-05 14:29:40,804 INFO o.a.j.JMeter: PWD       =/bzt-configs
2020-10-05 14:29:40,805 INFO o.a.j.JMeter: IP: 172.17.0.2 Name: 7fc2c99d782b FullName: 7fc2c99d782b
2020-10-05 14:29:40,806 INFO o.a.j.JMeter: user.classpath=/tmp/artifacts:/tmp/artifacts
2020-10-05 14:29:40,807 INFO o.a.j.JMeter: Adding to classpath and loader: /tmp/artifacts
2020-10-05 14:29:40,823 INFO o.a.j.JMeter: Adding to classpath and loader: /tmp/artifacts
2020-10-05 14:29:40,852 INFO o.a.j.s.FileServer: Default base='/bzt-configs'
2020-10-05 14:29:40,870 INFO o.a.j.s.FileServer: Set new base='/tmp/artifacts'
2020-10-05 14:29:41,351 INFO o.a.j.s.SaveService: Testplan (JMX) version: 2.2. Testlog (JTL) version: 2.2
2020-10-05 14:29:41,386 INFO o.a.j.s.SaveService: Using SaveService properties file encoding UTF-8
2020-10-05 14:29:41,406 INFO o.a.j.s.SaveService: Using SaveService properties version 5.0
2020-10-05 14:29:41,436 INFO o.a.j.s.SaveService: Loading file: /tmp/artifacts/modified_requests-7.jmx
2020-10-05 14:29:41,641 INFO o.a.j.p.h.c.CacheManager: Will only cache the following methods: [GET]
2020-10-05 14:29:41,647 INFO o.a.j.p.h.c.CookieManager: Settings: Delete null: true Check: true Allow variable: true Save: false Prefix: COOKIE_
2020-10-05 14:29:41,700 INFO o.a.j.p.h.s.HTTPSamplerBase: Parser for text/html is org.apache.jmeter.protocol.http.parser.LagartoBasedHtmlParser
2020-10-05 14:29:41,701 INFO o.a.j.p.h.s.HTTPSamplerBase: Parser for application/xhtml+xml is org.apache.jmeter.protocol.http.parser.LagartoBasedHtmlParser
2020-10-05 14:29:41,703 INFO o.a.j.p.h.s.HTTPSamplerBase: Parser for application/xml is org.apache.jmeter.protocol.http.parser.LagartoBasedHtmlParser
2020-10-05 14:29:41,704 INFO o.a.j.p.h.s.HTTPSamplerBase: Parser for text/xml is org.apache.jmeter.protocol.http.parser.LagartoBasedHtmlParser
2020-10-05 14:29:41,705 INFO o.a.j.p.h.s.HTTPSamplerBase: Parser for text/vnd.wap.wml is org.apache.jmeter.protocol.http.parser.RegexpHTMLParser
2020-10-05 14:29:41,706 INFO o.a.j.p.h.s.HTTPSamplerBase: Parser for text/css is org.apache.jmeter.protocol.http.parser.CssParser
2020-10-05 14:29:41,881 INFO o.a.j.e.StandardJMeterEngine: Running the test!
2020-10-05 14:29:41,890 INFO o.a.j.s.SampleEvent: List of sample_variables: []
2020-10-05 14:29:41,893 INFO o.a.j.s.SampleEvent: List of sample_variables: []
2020-10-05 14:29:41,920 INFO o.a.j.e.u.CompoundVariable: Note: Function class names must contain the string: '.functions.'
2020-10-05 14:29:41,921 INFO o.a.j.e.u.CompoundVariable: Note: Function class names must not contain the string: '.gui.'
2020-10-05 14:29:43,371 INFO o.a.j.JMeter: Running test (1601908183371)
2020-10-05 14:29:43,468 INFO o.a.j.e.StandardJMeterEngine: Starting ThreadGroup: 1 : simple
2020-10-05 14:29:43,469 INFO o.a.j.e.StandardJMeterEngine: Starting 10 threads for group simple.
2020-10-05 14:29:43,471 INFO o.a.j.e.StandardJMeterEngine: Thread will continue on error
2020-10-05 14:29:43,484 INFO o.a.j.e.StandardJMeterEngine: All thread groups have been started
2020-10-05 14:29:43,485 INFO c.b.j.t.c.ConcurrencyThreadStarter: Start supplying threads
2020-10-05 14:29:46,513 INFO o.a.j.s.SampleResult: Note: Sample TimeStamps are START times
2020-10-05 14:29:46,514 INFO o.a.j.s.SampleResult: sampleresult.default.encoding is set to UTF-8
2020-10-05 14:29:46,515 INFO o.a.j.s.SampleResult: sampleresult.useNanoTime=true
2020-10-05 14:29:46,516 INFO o.a.j.s.SampleResult: sampleresult.nanoThreadSleep=5000
2020-10-05 14:29:46,537 INFO o.a.j.t.JMeterThread: Thread started: simple-ThreadStarter 1-1
2020-10-05 14:29:47,386 INFO o.a.j.p.h.s.HTTPHCAbstractImpl: Local host = 7fc2c99d782b
2020-10-05 14:29:47,410 INFO o.a.j.p.h.s.HTTPHC4Impl: HTTP request retry count = 0
2020-10-05 14:29:47,787 INFO o.a.j.p.h.s.h.LazyLayeredConnectionSocketFactory: Setting up HTTPS TrustAll Socket Factory
2020-10-05 14:29:47,816 INFO o.a.j.u.JsseSSLManager: Using default SSL protocol: TLS
2020-10-05 14:29:47,817 INFO o.a.j.u.JsseSSLManager: SSL session context: per-thread
2020-10-05 14:29:48,011 INFO o.a.j.u.SSLManager: JmeterKeyStore Location:  type JKS
2020-10-05 14:29:48,022 INFO o.a.j.u.SSLManager: KeyStore created OK
2020-10-05 14:29:48,023 WARN o.a.j.u.SSLManager: Keystore file not found, loading empty keystore
2020-10-05 14:29:48,893 INFO o.a.j.p.h.p.BaseParser: Created org.apache.jmeter.protocol.http.parser.LagartoBasedHtmlParser
2020-10-05 14:29:49,100 INFO o.a.j.p.h.s.ResourcesDownloader: Creating ResourcesDownloader with keepalive_inseconds : 60
2020-10-05 14:29:52,540 INFO o.a.j.t.JMeterThread: Thread started: simple-ThreadStarter 1-2
2020-10-05 14:29:58,553 INFO o.a.j.t.JMeterThread: Thread started: simple-ThreadStarter 1-3
2020-10-05 14:30:04,525 INFO o.a.j.t.JMeterThread: Thread started: simple-ThreadStarter 1-4
2020-10-05 14:30:10,531 INFO o.a.j.t.JMeterThread: Thread started: simple-ThreadStarter 1-5
2020-10-05 14:30:16,568 INFO o.a.j.t.JMeterThread: Thread started: simple-ThreadStarter 1-6
2020-10-05 14:30:22,580 INFO o.a.j.t.JMeterThread: Thread started: simple-ThreadStarter 1-7
2020-10-05 14:30:28,592 INFO o.a.j.t.JMeterThread: Thread started: simple-ThreadStarter 1-8
2020-10-05 14:30:34,564 INFO o.a.j.t.JMeterThread: Thread started: simple-ThreadStarter 1-9
2020-10-05 14:30:40,577 INFO o.a.j.t.JMeterThread: Thread started: simple-ThreadStarter 1-10
2020-10-05 14:33:13,777 INFO c.b.j.t.c.ConcurrencyThreadStarter: Done supplying threads
2020-10-05 14:33:13,910 INFO o.a.j.t.JMeterThread: Thread is done: simple-ThreadStarter 1-5
2020-10-05 14:33:13,911 INFO o.a.j.t.JMeterThread: Thread finished: simple-ThreadStarter 1-5
2020-10-05 14:33:14,000 INFO o.a.j.t.JMeterThread: Thread is done: simple-ThreadStarter 1-3
2020-10-05 14:33:14,002 INFO o.a.j.t.JMeterThread: Thread finished: simple-ThreadStarter 1-3
2020-10-05 14:33:14,371 INFO o.a.j.t.JMeterThread: Thread is done: simple-ThreadStarter 1-1
2020-10-05 14:33:14,373 INFO o.a.j.t.JMeterThread: Thread finished: simple-ThreadStarter 1-1
2020-10-05 14:33:15,046 INFO o.a.j.t.JMeterThread: Thread is done: simple-ThreadStarter 1-8
2020-10-05 14:33:15,050 INFO o.a.j.t.JMeterThread: Thread finished: simple-ThreadStarter 1-8
2020-10-05 14:33:15,667 INFO o.a.j.t.JMeterThread: Thread is done: simple-ThreadStarter 1-9
2020-10-05 14:33:15,669 INFO o.a.j.t.JMeterThread: Thread finished: simple-ThreadStarter 1-9
2020-10-05 14:33:16,084 INFO o.a.j.t.JMeterThread: Thread is done: simple-ThreadStarter 1-4
2020-10-05 14:33:16,087 INFO o.a.j.t.JMeterThread: Thread finished: simple-ThreadStarter 1-4
2020-10-05 14:33:16,133 INFO o.a.j.t.JMeterThread: Thread is done: simple-ThreadStarter 1-2
2020-10-05 14:33:16,135 INFO o.a.j.t.JMeterThread: Thread finished: simple-ThreadStarter 1-2
2020-10-05 14:33:16,554 INFO o.a.j.t.JMeterThread: Thread is done: simple-ThreadStarter 1-6
2020-10-05 14:33:16,555 INFO o.a.j.t.JMeterThread: Thread finished: simple-ThreadStarter 1-6
2020-10-05 14:33:16,693 INFO o.a.j.t.JMeterThread: Thread is done: simple-ThreadStarter 1-10
2020-10-05 14:33:16,695 INFO o.a.j.t.JMeterThread: Thread finished: simple-ThreadStarter 1-10
2020-10-05 14:33:16,737 INFO o.a.j.t.JMeterThread: Thread is done: simple-ThreadStarter 1-7
2020-10-05 14:33:16,739 INFO o.a.j.t.JMeterThread: Thread finished: simple-ThreadStarter 1-7
2020-10-05 14:33:16,741 INFO o.a.j.e.StandardJMeterEngine: Notifying test listeners of end of test
2020-10-05 14:33:16,755 INFO o.a.j.e.StandardJMeterEngine: Forced JVM shutdown requested at end of test
