2020-10-09 10:01:57,664 INFO o.a.j.u.JMeterUtils: Setting Locale to en_US
2020-10-09 10:01:57,768 INFO o.a.j.JMeter: Loading user properties from: /root/.bzt/jmeter-taurus/5.2.1/bin/user.properties
2020-10-09 10:01:57,773 INFO o.a.j.JMeter: Loading system properties from: /root/.bzt/jmeter-taurus/5.2.1/bin/system.properties
2020-10-09 10:01:57,776 INFO o.a.j.JMeter: Loading additional properties from: /tmp/artifacts/jmeter-bzt-8.properties
2020-10-09 10:01:57,786 INFO o.a.j.JMeter: Setting System properties from file: /tmp/artifacts/system-8.properties
2020-10-09 10:01:57,809 INFO o.a.j.JMeter: Copyright (c) 1998-2019 The Apache Software Foundation
2020-10-09 10:01:57,811 INFO o.a.j.JMeter: Version 5.2.1
2020-10-09 10:01:57,812 INFO o.a.j.JMeter: java.version=1.8.0_265
2020-10-09 10:01:57,814 INFO o.a.j.JMeter: java.vm.name=OpenJDK 64-Bit Server VM
2020-10-09 10:01:57,815 INFO o.a.j.JMeter: os.name=Linux
2020-10-09 10:01:57,816 INFO o.a.j.JMeter: os.arch=amd64
2020-10-09 10:01:57,818 INFO o.a.j.JMeter: os.version=4.19.76-linuxkit
2020-10-09 10:01:57,819 INFO o.a.j.JMeter: file.encoding=UTF-8
2020-10-09 10:01:57,820 INFO o.a.j.JMeter: java.awt.headless=true
2020-10-09 10:01:57,821 INFO o.a.j.JMeter: Max memory     =464519168
2020-10-09 10:01:57,823 INFO o.a.j.JMeter: Available Processors =2
2020-10-09 10:01:57,841 INFO o.a.j.JMeter: Default Locale=English (United States)
2020-10-09 10:01:57,845 INFO o.a.j.JMeter: JMeter  Locale=English (United States)
2020-10-09 10:01:57,846 INFO o.a.j.JMeter: JMeterHome=/root/.bzt/jmeter-taurus/5.2.1
2020-10-09 10:01:57,849 INFO o.a.j.JMeter: user.dir  =/bzt-configs
2020-10-09 10:01:57,855 INFO o.a.j.JMeter: PWD       =/bzt-configs
2020-10-09 10:01:57,858 INFO o.a.j.JMeter: IP: 172.17.0.3 Name: a924ba69d593 FullName: a924ba69d593
2020-10-09 10:01:57,859 INFO o.a.j.JMeter: user.classpath=/tmp/artifacts:/tmp/artifacts
2020-10-09 10:01:57,862 INFO o.a.j.JMeter: Adding to classpath and loader: /tmp/artifacts
2020-10-09 10:01:57,885 INFO o.a.j.JMeter: Adding to classpath and loader: /tmp/artifacts
2020-10-09 10:01:57,948 INFO o.a.j.s.FileServer: Default base='/bzt-configs'
2020-10-09 10:01:58,020 INFO o.a.j.s.FileServer: Set new base='/tmp/artifacts'
2020-10-09 10:01:58,662 INFO o.a.j.s.SaveService: Testplan (JMX) version: 2.2. Testlog (JTL) version: 2.2
2020-10-09 10:01:58,715 INFO o.a.j.s.SaveService: Using SaveService properties file encoding UTF-8
2020-10-09 10:01:58,752 INFO o.a.j.s.SaveService: Using SaveService properties version 5.0
2020-10-09 10:01:58,793 INFO o.a.j.s.SaveService: Loading file: /tmp/artifacts/modified_requests-8.jmx
2020-10-09 10:01:58,982 INFO o.a.j.p.h.c.CacheManager: Will only cache the following methods: [GET]
2020-10-09 10:01:58,990 INFO o.a.j.p.h.c.CookieManager: Settings: Delete null: true Check: true Allow variable: true Save: false Prefix: COOKIE_
2020-10-09 10:01:59,064 INFO o.a.j.p.h.s.HTTPSamplerBase: Parser for text/html is org.apache.jmeter.protocol.http.parser.LagartoBasedHtmlParser
2020-10-09 10:01:59,065 INFO o.a.j.p.h.s.HTTPSamplerBase: Parser for application/xhtml+xml is org.apache.jmeter.protocol.http.parser.LagartoBasedHtmlParser
2020-10-09 10:01:59,066 INFO o.a.j.p.h.s.HTTPSamplerBase: Parser for application/xml is org.apache.jmeter.protocol.http.parser.LagartoBasedHtmlParser
2020-10-09 10:01:59,067 INFO o.a.j.p.h.s.HTTPSamplerBase: Parser for text/xml is org.apache.jmeter.protocol.http.parser.LagartoBasedHtmlParser
2020-10-09 10:01:59,068 INFO o.a.j.p.h.s.HTTPSamplerBase: Parser for text/vnd.wap.wml is org.apache.jmeter.protocol.http.parser.RegexpHTMLParser
2020-10-09 10:01:59,069 INFO o.a.j.p.h.s.HTTPSamplerBase: Parser for text/css is org.apache.jmeter.protocol.http.parser.CssParser
2020-10-09 10:01:59,237 INFO o.a.j.e.StandardJMeterEngine: Running the test!
2020-10-09 10:01:59,254 INFO o.a.j.s.SampleEvent: List of sample_variables: []
2020-10-09 10:01:59,255 INFO o.a.j.s.SampleEvent: List of sample_variables: []
2020-10-09 10:01:59,290 INFO o.a.j.e.u.CompoundVariable: Note: Function class names must contain the string: '.functions.'
2020-10-09 10:01:59,291 INFO o.a.j.e.u.CompoundVariable: Note: Function class names must not contain the string: '.gui.'
2020-10-09 10:02:01,316 INFO o.a.j.JMeter: Running test (1602237721316)
2020-10-09 10:02:01,437 INFO o.a.j.e.StandardJMeterEngine: Starting ThreadGroup: 1 : simple
2020-10-09 10:02:01,443 INFO o.a.j.e.StandardJMeterEngine: Starting 10 threads for group simple.
2020-10-09 10:02:01,444 INFO o.a.j.e.StandardJMeterEngine: Thread will continue on error
2020-10-09 10:02:01,488 INFO o.a.j.e.StandardJMeterEngine: All thread groups have been started
2020-10-09 10:02:01,489 INFO c.b.j.t.c.ConcurrencyThreadStarter: Start supplying threads
2020-10-09 10:02:04,531 INFO o.a.j.s.SampleResult: Note: Sample TimeStamps are START times
2020-10-09 10:02:04,533 INFO o.a.j.s.SampleResult: sampleresult.default.encoding is set to UTF-8
2020-10-09 10:02:04,534 INFO o.a.j.s.SampleResult: sampleresult.useNanoTime=true
2020-10-09 10:02:04,541 INFO o.a.j.t.JMeterThread: Thread started: simple-ThreadStarter 1-1
2020-10-09 10:02:04,541 INFO o.a.j.s.SampleResult: sampleresult.nanoThreadSleep=5000
2020-10-09 10:02:05,428 INFO o.a.j.p.h.s.HTTPHCAbstractImpl: Local host = a924ba69d593
2020-10-09 10:02:05,465 INFO o.a.j.p.h.s.HTTPHC4Impl: HTTP request retry count = 0
2020-10-09 10:02:05,976 INFO o.a.j.p.h.s.h.LazyLayeredConnectionSocketFactory: Setting up HTTPS TrustAll Socket Factory
2020-10-09 10:02:06,046 INFO o.a.j.u.JsseSSLManager: Using default SSL protocol: TLS
2020-10-09 10:02:06,047 INFO o.a.j.u.JsseSSLManager: SSL session context: per-thread
2020-10-09 10:02:07,354 INFO o.a.j.u.SSLManager: JmeterKeyStore Location:  type JKS
2020-10-09 10:02:07,378 INFO o.a.j.u.SSLManager: KeyStore created OK
2020-10-09 10:02:07,379 WARN o.a.j.u.SSLManager: Keystore file not found, loading empty keystore
2020-10-09 10:02:09,954 INFO o.a.j.p.h.p.BaseParser: Created org.apache.jmeter.protocol.http.parser.LagartoBasedHtmlParser
2020-10-09 10:02:10,349 INFO o.a.j.p.h.s.ResourcesDownloader: Creating ResourcesDownloader with keepalive_inseconds : 60
2020-10-09 10:02:10,622 INFO o.a.j.t.JMeterThread: Thread started: simple-ThreadStarter 1-2
2020-10-09 10:02:16,602 INFO o.a.j.t.JMeterThread: Thread started: simple-ThreadStarter 1-3
2020-10-09 10:02:22,564 INFO o.a.j.t.JMeterThread: Thread started: simple-ThreadStarter 1-4
2020-10-09 10:02:28,814 INFO o.a.j.t.JMeterThread: Thread started: simple-ThreadStarter 1-5
2020-10-09 10:02:34,847 INFO o.a.j.t.JMeterThread: Thread started: simple-ThreadStarter 1-6
2020-10-09 10:02:40,856 INFO o.a.j.t.JMeterThread: Thread started: simple-ThreadStarter 1-7
2020-10-09 10:02:46,884 INFO o.a.j.t.JMeterThread: Thread started: simple-ThreadStarter 1-8
2020-10-09 10:02:52,975 INFO o.a.j.t.JMeterThread: Thread started: simple-ThreadStarter 1-9
2020-10-09 10:02:58,959 INFO o.a.j.t.JMeterThread: Thread started: simple-ThreadStarter 1-10
2020-10-09 10:05:31,987 INFO c.b.j.t.c.ConcurrencyThreadStarter: Done supplying threads
2020-10-09 10:05:32,162 INFO o.a.j.t.JMeterThread: Thread is done: simple-ThreadStarter 1-9
2020-10-09 10:05:32,163 INFO o.a.j.t.JMeterThread: Thread finished: simple-ThreadStarter 1-9
2020-10-09 10:05:32,164 INFO o.a.j.t.JMeterThread: Thread is done: simple-ThreadStarter 1-7
2020-10-09 10:05:32,168 INFO o.a.j.t.JMeterThread: Thread finished: simple-ThreadStarter 1-7
2020-10-09 10:05:32,454 INFO o.a.j.t.JMeterThread: Thread is done: simple-ThreadStarter 1-1
2020-10-09 10:05:32,456 INFO o.a.j.t.JMeterThread: Thread finished: simple-ThreadStarter 1-1
2020-10-09 10:05:32,544 INFO o.a.j.t.JMeterThread: Thread is done: simple-ThreadStarter 1-10
2020-10-09 10:05:32,546 INFO o.a.j.t.JMeterThread: Thread finished: simple-ThreadStarter 1-10
2020-10-09 10:05:32,737 INFO o.a.j.t.JMeterThread: Thread is done: simple-ThreadStarter 1-6
2020-10-09 10:05:32,738 INFO o.a.j.t.JMeterThread: Thread finished: simple-ThreadStarter 1-6
2020-10-09 10:05:33,434 INFO o.a.j.t.JMeterThread: Thread is done: simple-ThreadStarter 1-8
2020-10-09 10:05:33,439 INFO o.a.j.t.JMeterThread: Thread finished: simple-ThreadStarter 1-8
2020-10-09 10:05:33,629 INFO o.a.j.t.JMeterThread: Thread is done: simple-ThreadStarter 1-3
2020-10-09 10:05:33,631 INFO o.a.j.t.JMeterThread: Thread finished: simple-ThreadStarter 1-3
2020-10-09 10:05:33,652 INFO o.a.j.t.JMeterThread: Thread is done: simple-ThreadStarter 1-5
2020-10-09 10:05:33,654 INFO o.a.j.t.JMeterThread: Thread finished: simple-ThreadStarter 1-5
2020-10-09 10:05:34,082 INFO o.a.j.t.JMeterThread: Thread is done: simple-ThreadStarter 1-4
2020-10-09 10:05:34,083 INFO o.a.j.t.JMeterThread: Thread finished: simple-ThreadStarter 1-4
2020-10-09 10:05:35,545 INFO o.a.j.t.JMeterThread: Thread is done: simple-ThreadStarter 1-2
2020-10-09 10:05:35,549 INFO o.a.j.t.JMeterThread: Thread finished: simple-ThreadStarter 1-2
2020-10-09 10:05:35,552 INFO o.a.j.e.StandardJMeterEngine: Notifying test listeners of end of test
2020-10-09 10:05:35,583 INFO o.a.j.e.StandardJMeterEngine: Forced JVM shutdown requested at end of test
