2020-10-05 14:15:15,139 INFO o.a.j.u.JMeterUtils: Setting Locale to en_US
2020-10-05 14:15:15,187 INFO o.a.j.JMeter: Loading user properties from: /root/.bzt/jmeter-taurus/5.2.1/bin/user.properties
2020-10-05 14:15:15,189 INFO o.a.j.JMeter: Loading system properties from: /root/.bzt/jmeter-taurus/5.2.1/bin/system.properties
2020-10-05 14:15:15,191 INFO o.a.j.JMeter: Loading additional properties from: /tmp/artifacts/jmeter-bzt-5.properties
2020-10-05 14:15:15,201 INFO o.a.j.JMeter: Setting System properties from file: /tmp/artifacts/system-5.properties
2020-10-05 14:15:15,213 INFO o.a.j.JMeter: Copyright (c) 1998-2019 The Apache Software Foundation
2020-10-05 14:15:15,213 INFO o.a.j.JMeter: Version 5.2.1
2020-10-05 14:15:15,214 INFO o.a.j.JMeter: java.version=1.8.0_265
2020-10-05 14:15:15,214 INFO o.a.j.JMeter: java.vm.name=OpenJDK 64-Bit Server VM
2020-10-05 14:15:15,215 INFO o.a.j.JMeter: os.name=Linux
2020-10-05 14:15:15,216 INFO o.a.j.JMeter: os.arch=amd64
2020-10-05 14:15:15,216 INFO o.a.j.JMeter: os.version=4.19.76-linuxkit
2020-10-05 14:15:15,218 INFO o.a.j.JMeter: file.encoding=UTF-8
2020-10-05 14:15:15,218 INFO o.a.j.JMeter: java.awt.headless=true
2020-10-05 14:15:15,219 INFO o.a.j.JMeter: Max memory     =464519168
2020-10-05 14:15:15,220 INFO o.a.j.JMeter: Available Processors =2
2020-10-05 14:15:15,232 INFO o.a.j.JMeter: Default Locale=English (United States)
2020-10-05 14:15:15,234 INFO o.a.j.JMeter: JMeter  Locale=English (United States)
2020-10-05 14:15:15,235 INFO o.a.j.JMeter: JMeterHome=/root/.bzt/jmeter-taurus/5.2.1
2020-10-05 14:15:15,236 INFO o.a.j.JMeter: user.dir  =/bzt-configs
2020-10-05 14:15:15,238 INFO o.a.j.JMeter: PWD       =/bzt-configs
2020-10-05 14:15:15,240 INFO o.a.j.JMeter: IP: 172.17.0.2 Name: aed9fe4ad1b8 FullName: aed9fe4ad1b8
2020-10-05 14:15:15,241 INFO o.a.j.JMeter: user.classpath=/tmp/artifacts:/tmp/artifacts
2020-10-05 14:15:15,244 INFO o.a.j.JMeter: Adding to classpath and loader: /tmp/artifacts
2020-10-05 14:15:15,257 INFO o.a.j.JMeter: Adding to classpath and loader: /tmp/artifacts
2020-10-05 14:15:15,298 INFO o.a.j.s.FileServer: Default base='/bzt-configs'
2020-10-05 14:15:15,326 INFO o.a.j.s.FileServer: Set new base='/tmp/artifacts'
2020-10-05 14:15:15,810 INFO o.a.j.s.SaveService: Testplan (JMX) version: 2.2. Testlog (JTL) version: 2.2
2020-10-05 14:15:15,838 INFO o.a.j.s.SaveService: Using SaveService properties file encoding UTF-8
2020-10-05 14:15:15,854 INFO o.a.j.s.SaveService: Using SaveService properties version 5.0
2020-10-05 14:15:15,876 INFO o.a.j.s.SaveService: Loading file: /tmp/artifacts/modified_requests-5.jmx
2020-10-05 14:15:16,029 INFO o.a.j.p.h.c.CacheManager: Will only cache the following methods: [GET]
2020-10-05 14:15:16,036 INFO o.a.j.p.h.c.CookieManager: Settings: Delete null: true Check: true Allow variable: true Save: false Prefix: COOKIE_
2020-10-05 14:15:16,081 INFO o.a.j.p.h.s.HTTPSamplerBase: Parser for text/html is org.apache.jmeter.protocol.http.parser.LagartoBasedHtmlParser
2020-10-05 14:15:16,082 INFO o.a.j.p.h.s.HTTPSamplerBase: Parser for application/xhtml+xml is org.apache.jmeter.protocol.http.parser.LagartoBasedHtmlParser
2020-10-05 14:15:16,083 INFO o.a.j.p.h.s.HTTPSamplerBase: Parser for application/xml is org.apache.jmeter.protocol.http.parser.LagartoBasedHtmlParser
2020-10-05 14:15:16,084 INFO o.a.j.p.h.s.HTTPSamplerBase: Parser for text/xml is org.apache.jmeter.protocol.http.parser.LagartoBasedHtmlParser
2020-10-05 14:15:16,085 INFO o.a.j.p.h.s.HTTPSamplerBase: Parser for text/vnd.wap.wml is org.apache.jmeter.protocol.http.parser.RegexpHTMLParser
2020-10-05 14:15:16,086 INFO o.a.j.p.h.s.HTTPSamplerBase: Parser for text/css is org.apache.jmeter.protocol.http.parser.CssParser
2020-10-05 14:15:16,239 INFO o.a.j.e.StandardJMeterEngine: Running the test!
2020-10-05 14:15:16,257 INFO o.a.j.s.SampleEvent: List of sample_variables: []
2020-10-05 14:15:16,260 INFO o.a.j.s.SampleEvent: List of sample_variables: []
2020-10-05 14:15:16,290 INFO o.a.j.e.u.CompoundVariable: Note: Function class names must contain the string: '.functions.'
2020-10-05 14:15:16,291 INFO o.a.j.e.u.CompoundVariable: Note: Function class names must not contain the string: '.gui.'
2020-10-05 14:15:17,686 INFO o.a.j.JMeter: Running test (1601907317686)
2020-10-05 14:15:17,759 INFO o.a.j.e.StandardJMeterEngine: Starting ThreadGroup: 1 : simple
2020-10-05 14:15:17,760 INFO o.a.j.e.StandardJMeterEngine: Starting 10 threads for group simple.
2020-10-05 14:15:17,760 INFO o.a.j.e.StandardJMeterEngine: Thread will continue on error
2020-10-05 14:15:17,772 INFO o.a.j.e.StandardJMeterEngine: All thread groups have been started
2020-10-05 14:15:17,773 INFO c.b.j.t.c.ConcurrencyThreadStarter: Start supplying threads
2020-10-05 14:15:20,830 INFO o.a.j.s.SampleResult: Note: Sample TimeStamps are START times
2020-10-05 14:15:20,831 INFO o.a.j.s.SampleResult: sampleresult.default.encoding is set to UTF-8
2020-10-05 14:15:20,832 INFO o.a.j.s.SampleResult: sampleresult.useNanoTime=true
2020-10-05 14:15:20,833 INFO o.a.j.s.SampleResult: sampleresult.nanoThreadSleep=5000
2020-10-05 14:15:20,842 INFO o.a.j.t.JMeterThread: Thread started: simple-ThreadStarter 1-1
2020-10-05 14:15:21,675 INFO o.a.j.p.h.s.HTTPHCAbstractImpl: Local host = aed9fe4ad1b8
2020-10-05 14:15:21,696 INFO o.a.j.p.h.s.HTTPHC4Impl: HTTP request retry count = 0
2020-10-05 14:15:22,171 INFO o.a.j.p.h.s.h.LazyLayeredConnectionSocketFactory: Setting up HTTPS TrustAll Socket Factory
2020-10-05 14:15:22,208 INFO o.a.j.u.JsseSSLManager: Using default SSL protocol: TLS
2020-10-05 14:15:22,209 INFO o.a.j.u.JsseSSLManager: SSL session context: per-thread
2020-10-05 14:15:22,473 INFO o.a.j.u.SSLManager: JmeterKeyStore Location:  type JKS
2020-10-05 14:15:22,486 INFO o.a.j.u.SSLManager: KeyStore created OK
2020-10-05 14:15:22,487 WARN o.a.j.u.SSLManager: Keystore file not found, loading empty keystore
2020-10-05 14:15:23,578 INFO o.a.j.p.h.p.BaseParser: Created org.apache.jmeter.protocol.http.parser.LagartoBasedHtmlParser
2020-10-05 14:15:23,905 INFO o.a.j.p.h.s.ResourcesDownloader: Creating ResourcesDownloader with keepalive_inseconds : 60
2020-10-05 14:15:25,205 INFO o.a.j.p.h.p.BaseParser: Created org.apache.jmeter.protocol.http.parser.CssParser
2020-10-05 14:15:26,857 INFO o.a.j.t.JMeterThread: Thread started: simple-ThreadStarter 1-2
2020-10-05 14:15:32,839 INFO o.a.j.t.JMeterThread: Thread started: simple-ThreadStarter 1-3
2020-10-05 14:15:38,856 INFO o.a.j.t.JMeterThread: Thread started: simple-ThreadStarter 1-4
2020-10-05 14:15:44,869 INFO o.a.j.t.JMeterThread: Thread started: simple-ThreadStarter 1-5
2020-10-05 14:15:50,805 INFO o.a.j.JMeter: Command: Shutdown received from /127.0.0.1
2020-10-05 14:15:50,812 WARN o.a.j.t.JMeterThread: Interrupting: simple-ThreadStarter 1-3 sampler: https://www.sf-test1.com/de-de
2020-10-05 14:15:50,824 INFO c.b.j.t.c.ConcurrencyThreadStarter: Done supplying threads
2020-10-05 14:15:50,831 WARN o.a.j.t.JMeterThread: Interrupting: simple-ThreadStarter 1-4 sampler: https://www.sf-test1.com/de-de
2020-10-05 14:15:50,839 WARN o.a.j.t.JMeterThread: No operation pending
2020-10-05 14:15:50,843 WARN o.a.j.t.JMeterThread: Interrupting: simple-ThreadStarter 1-1 sampler: https://www.sf-test1.com/de-de
2020-10-05 14:15:50,844 WARN o.a.j.t.JMeterThread: No operation pending
2020-10-05 14:15:50,844 WARN o.a.j.t.JMeterThread: Interrupting: simple-ThreadStarter 1-2 sampler: https://www.sf-test1.com/de-de
2020-10-05 14:15:50,845 WARN o.a.j.t.JMeterThread: No operation pending
2020-10-05 14:15:50,847 WARN o.a.j.t.JMeterThread: Interrupting: simple-ThreadStarter 1-5 sampler: https://www.sf-test1.com/de-de
2020-10-05 14:15:50,845 WARN o.a.j.p.h.s.HTTPSamplerBase: Interrupted fetching embedded resources
java.lang.InterruptedException: null
	at java.util.concurrent.locks.AbstractQueuedSynchronizer$ConditionObject.reportInterruptAfterWait(AbstractQueuedSynchronizer.java:2014) ~[?:1.8.0_265]
	at java.util.concurrent.locks.AbstractQueuedSynchronizer$ConditionObject.await(AbstractQueuedSynchronizer.java:2048) ~[?:1.8.0_265]
	at java.util.concurrent.LinkedBlockingQueue.take(LinkedBlockingQueue.java:442) ~[?:1.8.0_265]
	at java.util.concurrent.ExecutorCompletionService.take(ExecutorCompletionService.java:193) ~[?:1.8.0_265]
	at org.apache.jmeter.protocol.http.sampler.ResourcesDownloader.invokeAllAndAwaitTermination(ResourcesDownloader.java:187) ~[ApacheJMeter_http.jar:5.2.1]
	at org.apache.jmeter.protocol.http.sampler.HTTPSamplerBase.downloadPageResources(HTTPSamplerBase.java:1436) [ApacheJMeter_http.jar:5.2.1]
	at org.apache.jmeter.protocol.http.sampler.HTTPSamplerBase.resultProcessing(HTTPSamplerBase.java:1749) [ApacheJMeter_http.jar:5.2.1]
	at org.apache.jmeter.protocol.http.sampler.HTTPAbstractImpl.resultProcessing(HTTPAbstractImpl.java:556) [ApacheJMeter_http.jar:5.2.1]
	at org.apache.jmeter.protocol.http.sampler.HTTPHC4Impl.sample(HTTPHC4Impl.java:648) [ApacheJMeter_http.jar:5.2.1]
	at org.apache.jmeter.protocol.http.sampler.HTTPSamplerProxy.sample(HTTPSamplerProxy.java:67) [ApacheJMeter_http.jar:5.2.1]
	at org.apache.jmeter.protocol.http.sampler.HTTPSamplerBase$ASyncSample.call(HTTPSamplerBase.java:2126) [ApacheJMeter_http.jar:5.2.1]
	at org.apache.jmeter.protocol.http.sampler.HTTPSamplerBase$ASyncSample.call(HTTPSamplerBase.java:2094) [ApacheJMeter_http.jar:5.2.1]
	at java.util.concurrent.FutureTask.run(FutureTask.java:266) [?:1.8.0_265]
	at java.util.concurrent.Executors$RunnableAdapter.call(Executors.java:511) [?:1.8.0_265]
	at java.util.concurrent.FutureTask.run(FutureTask.java:266) [?:1.8.0_265]
	at java.util.concurrent.ThreadPoolExecutor.runWorker(ThreadPoolExecutor.java:1149) [?:1.8.0_265]
	at java.util.concurrent.ThreadPoolExecutor$Worker.run(ThreadPoolExecutor.java:624) [?:1.8.0_265]
	at java.lang.Thread.run(Thread.java:748) [?:1.8.0_265]
2020-10-05 14:15:50,848 WARN o.a.j.p.h.s.HTTPSamplerBase: Interrupted fetching embedded resources
java.lang.InterruptedException: null
	at java.util.concurrent.locks.AbstractQueuedSynchronizer$ConditionObject.reportInterruptAfterWait(AbstractQueuedSynchronizer.java:2014) ~[?:1.8.0_265]
	at java.util.concurrent.locks.AbstractQueuedSynchronizer$ConditionObject.await(AbstractQueuedSynchronizer.java:2048) ~[?:1.8.0_265]
	at java.util.concurrent.LinkedBlockingQueue.take(LinkedBlockingQueue.java:442) ~[?:1.8.0_265]
	at java.util.concurrent.ExecutorCompletionService.take(ExecutorCompletionService.java:193) ~[?:1.8.0_265]
	at org.apache.jmeter.protocol.http.sampler.ResourcesDownloader.invokeAllAndAwaitTermination(ResourcesDownloader.java:187) ~[ApacheJMeter_http.jar:5.2.1]
	at org.apache.jmeter.protocol.http.sampler.HTTPSamplerBase.downloadPageResources(HTTPSamplerBase.java:1436) [ApacheJMeter_http.jar:5.2.1]
	at org.apache.jmeter.protocol.http.sampler.HTTPSamplerBase.resultProcessing(HTTPSamplerBase.java:1749) [ApacheJMeter_http.jar:5.2.1]
	at org.apache.jmeter.protocol.http.sampler.HTTPAbstractImpl.resultProcessing(HTTPAbstractImpl.java:556) [ApacheJMeter_http.jar:5.2.1]
	at org.apache.jmeter.protocol.http.sampler.HTTPHC4Impl.sample(HTTPHC4Impl.java:648) [ApacheJMeter_http.jar:5.2.1]
	at org.apache.jmeter.protocol.http.sampler.HTTPSamplerProxy.sample(HTTPSamplerProxy.java:67) [ApacheJMeter_http.jar:5.2.1]
	at org.apache.jmeter.protocol.http.sampler.HTTPSamplerBase$ASyncSample.call(HTTPSamplerBase.java:2126) [ApacheJMeter_http.jar:5.2.1]
	at org.apache.jmeter.protocol.http.sampler.HTTPSamplerBase$ASyncSample.call(HTTPSamplerBase.java:2094) [ApacheJMeter_http.jar:5.2.1]
	at java.util.concurrent.FutureTask.run(FutureTask.java:266) [?:1.8.0_265]
	at java.util.concurrent.Executors$RunnableAdapter.call(Executors.java:511) [?:1.8.0_265]
	at java.util.concurrent.FutureTask.run(FutureTask.java:266) [?:1.8.0_265]
	at java.util.concurrent.ThreadPoolExecutor.runWorker(ThreadPoolExecutor.java:1149) [?:1.8.0_265]
	at java.util.concurrent.ThreadPoolExecutor$Worker.run(ThreadPoolExecutor.java:624) [?:1.8.0_265]
	at java.lang.Thread.run(Thread.java:748) [?:1.8.0_265]
2020-10-05 14:15:50,840 WARN o.a.j.p.h.s.HTTPSamplerBase: Interrupted fetching embedded resources
java.lang.InterruptedException: null
	at java.util.concurrent.locks.AbstractQueuedSynchronizer$ConditionObject.reportInterruptAfterWait(AbstractQueuedSynchronizer.java:2014) ~[?:1.8.0_265]
	at java.util.concurrent.locks.AbstractQueuedSynchronizer$ConditionObject.await(AbstractQueuedSynchronizer.java:2048) ~[?:1.8.0_265]
	at java.util.concurrent.LinkedBlockingQueue.take(LinkedBlockingQueue.java:442) ~[?:1.8.0_265]
	at java.util.concurrent.ExecutorCompletionService.take(ExecutorCompletionService.java:193) ~[?:1.8.0_265]
	at org.apache.jmeter.protocol.http.sampler.ResourcesDownloader.invokeAllAndAwaitTermination(ResourcesDownloader.java:179) ~[ApacheJMeter_http.jar:5.2.1]
	at org.apache.jmeter.protocol.http.sampler.HTTPSamplerBase.downloadPageResources(HTTPSamplerBase.java:1436) [ApacheJMeter_http.jar:5.2.1]
	at org.apache.jmeter.protocol.http.sampler.HTTPSamplerBase.resultProcessing(HTTPSamplerBase.java:1749) [ApacheJMeter_http.jar:5.2.1]
	at org.apache.jmeter.protocol.http.sampler.HTTPAbstractImpl.resultProcessing(HTTPAbstractImpl.java:556) [ApacheJMeter_http.jar:5.2.1]
	at org.apache.jmeter.protocol.http.sampler.HTTPHC4Impl.sample(HTTPHC4Impl.java:648) [ApacheJMeter_http.jar:5.2.1]
	at org.apache.jmeter.protocol.http.sampler.HTTPSamplerProxy.sample(HTTPSamplerProxy.java:67) [ApacheJMeter_http.jar:5.2.1]
	at org.apache.jmeter.protocol.http.sampler.HTTPSamplerBase.sample(HTTPSamplerBase.java:1282) [ApacheJMeter_http.jar:5.2.1]
	at org.apache.jmeter.protocol.http.sampler.HTTPSamplerBase.sample(HTTPSamplerBase.java:1271) [ApacheJMeter_http.jar:5.2.1]
	at org.apache.jmeter.threads.JMeterThread.doSampling(JMeterThread.java:627) [ApacheJMeter_core.jar:5.2.1]
	at org.apache.jmeter.threads.JMeterThread.executeSamplePackage(JMeterThread.java:551) [ApacheJMeter_core.jar:5.2.1]
	at org.apache.jmeter.threads.JMeterThread.processSampler(JMeterThread.java:490) [ApacheJMeter_core.jar:5.2.1]
	at org.apache.jmeter.threads.JMeterThread.run(JMeterThread.java:257) [ApacheJMeter_core.jar:5.2.1]
	at java.lang.Thread.run(Thread.java:748) [?:1.8.0_265]
2020-10-05 14:15:50,847 WARN o.a.j.p.h.s.HTTPSamplerBase: Interrupted fetching embedded resources
java.lang.InterruptedException: null
	at java.util.concurrent.locks.AbstractQueuedSynchronizer$ConditionObject.reportInterruptAfterWait(AbstractQueuedSynchronizer.java:2014) ~[?:1.8.0_265]
	at java.util.concurrent.locks.AbstractQueuedSynchronizer$ConditionObject.await(AbstractQueuedSynchronizer.java:2048) ~[?:1.8.0_265]
	at java.util.concurrent.LinkedBlockingQueue.take(LinkedBlockingQueue.java:442) ~[?:1.8.0_265]
	at java.util.concurrent.ExecutorCompletionService.take(ExecutorCompletionService.java:193) ~[?:1.8.0_265]
	at org.apache.jmeter.protocol.http.sampler.ResourcesDownloader.invokeAllAndAwaitTermination(ResourcesDownloader.java:179) ~[ApacheJMeter_http.jar:5.2.1]
	at org.apache.jmeter.protocol.http.sampler.HTTPSamplerBase.downloadPageResources(HTTPSamplerBase.java:1436) [ApacheJMeter_http.jar:5.2.1]
	at org.apache.jmeter.protocol.http.sampler.HTTPSamplerBase.resultProcessing(HTTPSamplerBase.java:1749) [ApacheJMeter_http.jar:5.2.1]
	at org.apache.jmeter.protocol.http.sampler.HTTPAbstractImpl.resultProcessing(HTTPAbstractImpl.java:556) [ApacheJMeter_http.jar:5.2.1]
	at org.apache.jmeter.protocol.http.sampler.HTTPHC4Impl.sample(HTTPHC4Impl.java:648) [ApacheJMeter_http.jar:5.2.1]
	at org.apache.jmeter.protocol.http.sampler.HTTPSamplerProxy.sample(HTTPSamplerProxy.java:67) [ApacheJMeter_http.jar:5.2.1]
	at org.apache.jmeter.protocol.http.sampler.HTTPSamplerBase.sample(HTTPSamplerBase.java:1282) [ApacheJMeter_http.jar:5.2.1]
	at org.apache.jmeter.protocol.http.sampler.HTTPSamplerBase.sample(HTTPSamplerBase.java:1271) [ApacheJMeter_http.jar:5.2.1]
	at org.apache.jmeter.threads.JMeterThread.doSampling(JMeterThread.java:627) [ApacheJMeter_core.jar:5.2.1]
	at org.apache.jmeter.threads.JMeterThread.executeSamplePackage(JMeterThread.java:551) [ApacheJMeter_core.jar:5.2.1]
	at org.apache.jmeter.threads.JMeterThread.processSampler(JMeterThread.java:490) [ApacheJMeter_core.jar:5.2.1]
	at org.apache.jmeter.threads.JMeterThread.run(JMeterThread.java:257) [ApacheJMeter_core.jar:5.2.1]
	at java.lang.Thread.run(Thread.java:748) [?:1.8.0_265]
2020-10-05 14:15:50,845 WARN o.a.j.p.h.s.HTTPSamplerBase: Interrupted fetching embedded resources
java.lang.InterruptedException: null
	at java.util.concurrent.locks.AbstractQueuedSynchronizer$ConditionObject.reportInterruptAfterWait(AbstractQueuedSynchronizer.java:2014) ~[?:1.8.0_265]
	at java.util.concurrent.locks.AbstractQueuedSynchronizer$ConditionObject.await(AbstractQueuedSynchronizer.java:2048) ~[?:1.8.0_265]
	at java.util.concurrent.LinkedBlockingQueue.take(LinkedBlockingQueue.java:442) ~[?:1.8.0_265]
	at java.util.concurrent.ExecutorCompletionService.take(ExecutorCompletionService.java:193) ~[?:1.8.0_265]
	at org.apache.jmeter.protocol.http.sampler.ResourcesDownloader.invokeAllAndAwaitTermination(ResourcesDownloader.java:187) ~[ApacheJMeter_http.jar:5.2.1]
	at org.apache.jmeter.protocol.http.sampler.HTTPSamplerBase.downloadPageResources(HTTPSamplerBase.java:1436) [ApacheJMeter_http.jar:5.2.1]
	at org.apache.jmeter.protocol.http.sampler.HTTPSamplerBase.resultProcessing(HTTPSamplerBase.java:1749) [ApacheJMeter_http.jar:5.2.1]
	at org.apache.jmeter.protocol.http.sampler.HTTPAbstractImpl.resultProcessing(HTTPAbstractImpl.java:556) [ApacheJMeter_http.jar:5.2.1]
	at org.apache.jmeter.protocol.http.sampler.HTTPHC4Impl.sample(HTTPHC4Impl.java:648) [ApacheJMeter_http.jar:5.2.1]
	at org.apache.jmeter.protocol.http.sampler.HTTPSamplerProxy.sample(HTTPSamplerProxy.java:67) [ApacheJMeter_http.jar:5.2.1]
	at org.apache.jmeter.protocol.http.sampler.HTTPSamplerBase.sample(HTTPSamplerBase.java:1282) [ApacheJMeter_http.jar:5.2.1]
	at org.apache.jmeter.protocol.http.sampler.HTTPSamplerBase.sample(HTTPSamplerBase.java:1271) [ApacheJMeter_http.jar:5.2.1]
	at org.apache.jmeter.threads.JMeterThread.doSampling(JMeterThread.java:627) [ApacheJMeter_core.jar:5.2.1]
	at org.apache.jmeter.threads.JMeterThread.executeSamplePackage(JMeterThread.java:551) [ApacheJMeter_core.jar:5.2.1]
	at org.apache.jmeter.threads.JMeterThread.processSampler(JMeterThread.java:490) [ApacheJMeter_core.jar:5.2.1]
	at org.apache.jmeter.threads.JMeterThread.run(JMeterThread.java:257) [ApacheJMeter_core.jar:5.2.1]
	at java.lang.Thread.run(Thread.java:748) [?:1.8.0_265]
2020-10-05 14:15:50,887 INFO o.a.j.t.JMeterThread: Thread is done: simple-ThreadStarter 1-1
2020-10-05 14:15:50,888 INFO o.a.j.t.JMeterThread: Thread finished: simple-ThreadStarter 1-1
2020-10-05 14:15:50,891 INFO o.a.j.t.JMeterThread: Thread is done: simple-ThreadStarter 1-2
2020-10-05 14:15:50,891 INFO o.a.j.t.JMeterThread: Thread is done: simple-ThreadStarter 1-4
2020-10-05 14:15:50,894 INFO o.a.j.t.JMeterThread: Thread finished: simple-ThreadStarter 1-2
2020-10-05 14:15:50,897 INFO o.a.j.t.JMeterThread: Thread finished: simple-ThreadStarter 1-4
2020-10-05 14:15:50,964 INFO o.a.j.t.JMeterThread: Thread is done: simple-ThreadStarter 1-5
2020-10-05 14:15:50,965 INFO o.a.j.t.JMeterThread: Thread finished: simple-ThreadStarter 1-5
2020-10-05 14:15:50,974 INFO o.a.j.t.JMeterThread: Thread is done: simple-ThreadStarter 1-3
2020-10-05 14:15:50,976 INFO o.a.j.t.JMeterThread: Thread finished: simple-ThreadStarter 1-3
2020-10-05 14:15:50,977 INFO o.a.j.e.StandardJMeterEngine: Notifying test listeners of end of test
2020-10-05 14:15:50,988 INFO o.a.j.e.StandardJMeterEngine: Forced JVM shutdown requested at end of test
