2020-10-19 21:11:51,686 INFO o.a.j.u.JMeterUtils: Setting Locale to en_US
2020-10-19 21:11:51,749 INFO o.a.j.JMeter: Loading user properties from: /root/.bzt/jmeter-taurus/5.2.1/bin/user.properties
2020-10-19 21:11:51,753 INFO o.a.j.JMeter: Loading system properties from: /root/.bzt/jmeter-taurus/5.2.1/bin/system.properties
2020-10-19 21:11:51,755 INFO o.a.j.JMeter: Loading additional properties from: /tmp/artifacts/jmeter-bzt-9.properties
2020-10-19 21:11:51,767 INFO o.a.j.JMeter: Setting System properties from file: /tmp/artifacts/system-9.properties
2020-10-19 21:11:51,782 INFO o.a.j.JMeter: Copyright (c) 1998-2019 The Apache Software Foundation
2020-10-19 21:11:51,783 INFO o.a.j.JMeter: Version 5.2.1
2020-10-19 21:11:51,785 INFO o.a.j.JMeter: java.version=1.8.0_265
2020-10-19 21:11:51,786 INFO o.a.j.JMeter: java.vm.name=OpenJDK 64-Bit Server VM
2020-10-19 21:11:51,788 INFO o.a.j.JMeter: os.name=Linux
2020-10-19 21:11:51,789 INFO o.a.j.JMeter: os.arch=amd64
2020-10-19 21:11:51,789 INFO o.a.j.JMeter: os.version=4.19.76-linuxkit
2020-10-19 21:11:51,791 INFO o.a.j.JMeter: file.encoding=UTF-8
2020-10-19 21:11:51,792 INFO o.a.j.JMeter: java.awt.headless=true
2020-10-19 21:11:51,793 INFO o.a.j.JMeter: Max memory     =464519168
2020-10-19 21:11:51,795 INFO o.a.j.JMeter: Available Processors =2
2020-10-19 21:11:51,919 INFO o.a.j.JMeter: Default Locale=English (United States)
2020-10-19 21:11:51,923 INFO o.a.j.JMeter: JMeter  Locale=English (United States)
2020-10-19 21:11:51,935 INFO o.a.j.JMeter: JMeterHome=/root/.bzt/jmeter-taurus/5.2.1
2020-10-19 21:11:51,949 INFO o.a.j.JMeter: user.dir  =/bzt-configs
2020-10-19 21:11:51,958 INFO o.a.j.JMeter: PWD       =/bzt-configs
2020-10-19 21:11:51,970 INFO o.a.j.JMeter: IP: 172.17.0.2 Name: 74fa43edb5ff FullName: 74fa43edb5ff
2020-10-19 21:11:51,973 INFO o.a.j.JMeter: user.classpath=/tmp/artifacts:/tmp/artifacts
2020-10-19 21:11:51,981 INFO o.a.j.JMeter: Adding to classpath and loader: /tmp/artifacts
2020-10-19 21:11:52,037 INFO o.a.j.JMeter: Adding to classpath and loader: /tmp/artifacts
2020-10-19 21:11:52,135 INFO o.a.j.s.FileServer: Default base='/bzt-configs'
2020-10-19 21:11:52,207 INFO o.a.j.s.FileServer: Set new base='/tmp/artifacts'
2020-10-19 21:11:53,115 INFO o.a.j.s.SaveService: Testplan (JMX) version: 2.2. Testlog (JTL) version: 2.2
2020-10-19 21:11:53,151 INFO o.a.j.s.SaveService: Using SaveService properties file encoding UTF-8
2020-10-19 21:11:53,175 INFO o.a.j.s.SaveService: Using SaveService properties version 5.0
2020-10-19 21:11:53,216 INFO o.a.j.s.SaveService: Loading file: /tmp/artifacts/modified_requests-9.jmx
2020-10-19 21:11:53,420 INFO o.a.j.p.h.c.CacheManager: Will only cache the following methods: [GET]
2020-10-19 21:11:53,426 INFO o.a.j.p.h.c.CookieManager: Settings: Delete null: true Check: true Allow variable: true Save: false Prefix: COOKIE_
2020-10-19 21:11:53,536 INFO o.a.j.p.h.s.HTTPSamplerBase: Parser for text/html is org.apache.jmeter.protocol.http.parser.LagartoBasedHtmlParser
2020-10-19 21:11:53,537 INFO o.a.j.p.h.s.HTTPSamplerBase: Parser for application/xhtml+xml is org.apache.jmeter.protocol.http.parser.LagartoBasedHtmlParser
2020-10-19 21:11:53,538 INFO o.a.j.p.h.s.HTTPSamplerBase: Parser for application/xml is org.apache.jmeter.protocol.http.parser.LagartoBasedHtmlParser
2020-10-19 21:11:53,540 INFO o.a.j.p.h.s.HTTPSamplerBase: Parser for text/xml is org.apache.jmeter.protocol.http.parser.LagartoBasedHtmlParser
2020-10-19 21:11:53,542 INFO o.a.j.p.h.s.HTTPSamplerBase: Parser for text/vnd.wap.wml is org.apache.jmeter.protocol.http.parser.RegexpHTMLParser
2020-10-19 21:11:53,543 INFO o.a.j.p.h.s.HTTPSamplerBase: Parser for text/css is org.apache.jmeter.protocol.http.parser.CssParser
2020-10-19 21:11:53,739 INFO o.a.j.e.StandardJMeterEngine: Running the test!
2020-10-19 21:11:53,745 INFO o.a.j.s.SampleEvent: List of sample_variables: []
2020-10-19 21:11:53,746 INFO o.a.j.s.SampleEvent: List of sample_variables: []
2020-10-19 21:11:53,791 INFO o.a.j.e.u.CompoundVariable: Note: Function class names must contain the string: '.functions.'
2020-10-19 21:11:53,792 INFO o.a.j.e.u.CompoundVariable: Note: Function class names must not contain the string: '.gui.'
2020-10-19 21:11:55,954 INFO o.a.j.JMeter: Running test (1603141915954)
2020-10-19 21:11:56,087 INFO o.a.j.e.StandardJMeterEngine: Starting ThreadGroup: 1 : simple
2020-10-19 21:11:56,089 INFO o.a.j.e.StandardJMeterEngine: Starting 10 threads for group simple.
2020-10-19 21:11:56,090 INFO o.a.j.e.StandardJMeterEngine: Thread will continue on error
2020-10-19 21:11:56,106 INFO o.a.j.e.StandardJMeterEngine: All thread groups have been started
2020-10-19 21:11:56,107 INFO c.b.j.t.c.ConcurrencyThreadStarter: Start supplying threads
2020-10-19 21:11:59,172 INFO o.a.j.s.SampleResult: Note: Sample TimeStamps are START times
2020-10-19 21:11:59,177 INFO o.a.j.s.SampleResult: sampleresult.default.encoding is set to UTF-8
2020-10-19 21:11:59,179 INFO o.a.j.s.SampleResult: sampleresult.useNanoTime=true
2020-10-19 21:11:59,182 INFO o.a.j.s.SampleResult: sampleresult.nanoThreadSleep=5000
2020-10-19 21:11:59,190 INFO o.a.j.t.JMeterThread: Thread started: simple-ThreadStarter 1-1
2020-10-19 21:12:00,192 INFO o.a.j.p.h.s.HTTPHCAbstractImpl: Local host = 74fa43edb5ff
2020-10-19 21:12:00,238 INFO o.a.j.p.h.s.HTTPHC4Impl: HTTP request retry count = 0
2020-10-19 21:12:00,919 INFO o.a.j.p.h.s.h.LazyLayeredConnectionSocketFactory: Setting up HTTPS TrustAll Socket Factory
2020-10-19 21:12:01,007 INFO o.a.j.u.JsseSSLManager: Using default SSL protocol: TLS
2020-10-19 21:12:01,007 INFO o.a.j.u.JsseSSLManager: SSL session context: per-thread
2020-10-19 21:12:01,301 INFO o.a.j.u.SSLManager: JmeterKeyStore Location:  type JKS
2020-10-19 21:12:01,316 INFO o.a.j.u.SSLManager: KeyStore created OK
2020-10-19 21:12:01,317 WARN o.a.j.u.SSLManager: Keystore file not found, loading empty keystore
2020-10-19 21:12:02,063 INFO o.a.j.JMeter: Command: Shutdown received from /127.0.0.1
2020-10-19 21:12:02,083 INFO c.b.j.t.c.ConcurrencyThreadStarter: Done supplying threads
2020-10-19 21:12:02,088 WARN o.a.j.t.JMeterThread: Interrupting: simple-ThreadStarter 1-1 sampler: https://www.google.com
2020-10-19 21:12:02,226 INFO o.a.j.t.JMeterThread: Thread is done: simple-ThreadStarter 1-1
2020-10-19 21:12:02,227 INFO o.a.j.t.JMeterThread: Thread finished: simple-ThreadStarter 1-1
2020-10-19 21:12:02,229 INFO o.a.j.e.StandardJMeterEngine: Notifying test listeners of end of test
2020-10-19 21:12:02,253 INFO o.a.j.e.StandardJMeterEngine: Forced JVM shutdown requested at end of test
